../Core/Src/GFX_FUNCTIONS.c:23:6:drawPixel	16	static
../Core/Src/GFX_FUNCTIONS.c:28:6:fillRect	32	static
../Core/Src/GFX_FUNCTIONS.c:47:6:writePixel	16	static
../Core/Src/GFX_FUNCTIONS.c:52:6:writeLine	48	static
../Core/Src/GFX_FUNCTIONS.c:92:7:drawFastVLine	32	static
../Core/Src/GFX_FUNCTIONS.c:96:7:drawFastHLine	32	static
../Core/Src/GFX_FUNCTIONS.c:101:6:drawLine	40	static
../Core/Src/GFX_FUNCTIONS.c:114:6:drawCircle	40	static
../Core/Src/GFX_FUNCTIONS.c:148:6:drawCircleHelper	40	static
../Core/Src/GFX_FUNCTIONS.c:184:6:fillCircleHelper	40	static
../Core/Src/GFX_FUNCTIONS.c:221:6:fillCircle	32	static
../Core/Src/GFX_FUNCTIONS.c:229:6:drawRect	24	static
../Core/Src/GFX_FUNCTIONS.c:237:6:drawRoundRect	40	static
../Core/Src/GFX_FUNCTIONS.c:254:6:fillRoundRect	40	static
../Core/Src/GFX_FUNCTIONS.c:266:6:drawTriangle	32	static
../Core/Src/GFX_FUNCTIONS.c:274:6:fillTriangle	72	static
../Core/Src/GFX_FUNCTIONS.c:351:6:fillScreen	24	static
../Core/Src/GFX_FUNCTIONS.c:357:6:testLines	56	static
../Core/Src/GFX_FUNCTIONS.c:400:6:testFastLines	32	static
../Core/Src/GFX_FUNCTIONS.c:409:6:testRects	56	static
../Core/Src/GFX_FUNCTIONS.c:424:6:testFilledRects	56	static
../Core/Src/GFX_FUNCTIONS.c:441:6:testFilledCircles	40	static
../Core/Src/GFX_FUNCTIONS.c:454:6:testCircles	40	static
../Core/Src/GFX_FUNCTIONS.c:470:6:testTriangles	56	static
../Core/Src/GFX_FUNCTIONS.c:487:6:testFilledTriangles	56	static
../Core/Src/GFX_FUNCTIONS.c:500:6:testRoundRects	56	static
../Core/Src/GFX_FUNCTIONS.c:517:6:testFilledRoundRects	48	static
../Core/Src/GFX_FUNCTIONS.c:532:6:testFillScreen	8	static
../Core/Src/GFX_FUNCTIONS.c:541:6:testAll	8	static
../Core/Src/GFX_FUNCTIONS.c:556:6:drawChar	40	static
../Core/Src/GFX_FUNCTIONS.c:569:6:drawString	24	static
