Archive member included to satisfy reference by file (symbol)

C:/ST/STM32CubeIDE_1.18.1/STM32CubeIDE/plugins/com.st.stm32cube.ide.mcu.externaltools.gnu-tools-for-stm32.13.3.rel1.win32_1.0.0.202411081344/tools/bin/../lib/gcc/arm-none-eabi/13.3.1/../../../../arm-none-eabi/lib/thumb/v7e-m+fp/hard\libc_nano.a(libc_a-exit.o)
                              C:/ST/STM32CubeIDE_1.18.1/STM32CubeIDE/plugins/com.st.stm32cube.ide.mcu.externaltools.gnu-tools-for-stm32.13.3.rel1.win32_1.0.0.202411081344/tools/bin/../lib/gcc/arm-none-eabi/13.3.1/../../../../arm-none-eabi/lib/thumb/v7e-m+fp/hard/crt0.o (exit)
C:/ST/STM32CubeIDE_1.18.1/STM32CubeIDE/plugins/com.st.stm32cube.ide.mcu.externaltools.gnu-tools-for-stm32.13.3.rel1.win32_1.0.0.202411081344/tools/bin/../lib/gcc/arm-none-eabi/13.3.1/../../../../arm-none-eabi/lib/thumb/v7e-m+fp/hard\libc_nano.a(libc_a-nano-vfprintf_float.o)
                              (_printf_float)
C:/ST/STM32CubeIDE_1.18.1/STM32CubeIDE/plugins/com.st.stm32cube.ide.mcu.externaltools.gnu-tools-for-stm32.13.3.rel1.win32_1.0.0.202411081344/tools/bin/../lib/gcc/arm-none-eabi/13.3.1/../../../../arm-none-eabi/lib/thumb/v7e-m+fp/hard\libc_nano.a(libc_a-nano-vfprintf_i.o)
                              C:/ST/STM32CubeIDE_1.18.1/STM32CubeIDE/plugins/com.st.stm32cube.ide.mcu.externaltools.gnu-tools-for-stm32.13.3.rel1.win32_1.0.0.202411081344/tools/bin/../lib/gcc/arm-none-eabi/13.3.1/../../../../arm-none-eabi/lib/thumb/v7e-m+fp/hard\libc_nano.a(libc_a-nano-vfprintf_float.o) (_printf_common)
C:/ST/STM32CubeIDE_1.18.1/STM32CubeIDE/plugins/com.st.stm32cube.ide.mcu.externaltools.gnu-tools-for-stm32.13.3.rel1.win32_1.0.0.202411081344/tools/bin/../lib/gcc/arm-none-eabi/13.3.1/../../../../arm-none-eabi/lib/thumb/v7e-m+fp/hard\libc_nano.a(libc_a-findfp.o)
                              C:/ST/STM32CubeIDE_1.18.1/STM32CubeIDE/plugins/com.st.stm32cube.ide.mcu.externaltools.gnu-tools-for-stm32.13.3.rel1.win32_1.0.0.202411081344/tools/bin/../lib/gcc/arm-none-eabi/13.3.1/../../../../arm-none-eabi/lib/thumb/v7e-m+fp/hard\libc_nano.a(libc_a-exit.o) (__stdio_exit_handler)
C:/ST/STM32CubeIDE_1.18.1/STM32CubeIDE/plugins/com.st.stm32cube.ide.mcu.externaltools.gnu-tools-for-stm32.13.3.rel1.win32_1.0.0.202411081344/tools/bin/../lib/gcc/arm-none-eabi/13.3.1/../../../../arm-none-eabi/lib/thumb/v7e-m+fp/hard\libc_nano.a(libc_a-fwalk.o)
                              C:/ST/STM32CubeIDE_1.18.1/STM32CubeIDE/plugins/com.st.stm32cube.ide.mcu.externaltools.gnu-tools-for-stm32.13.3.rel1.win32_1.0.0.202411081344/tools/bin/../lib/gcc/arm-none-eabi/13.3.1/../../../../arm-none-eabi/lib/thumb/v7e-m+fp/hard\libc_nano.a(libc_a-findfp.o) (_fwalk_sglue)
C:/ST/STM32CubeIDE_1.18.1/STM32CubeIDE/plugins/com.st.stm32cube.ide.mcu.externaltools.gnu-tools-for-stm32.13.3.rel1.win32_1.0.0.202411081344/tools/bin/../lib/gcc/arm-none-eabi/13.3.1/../../../../arm-none-eabi/lib/thumb/v7e-m+fp/hard\libc_nano.a(libc_a-sprintf.o)
                              ./Core/Src/main.o (sprintf)
C:/ST/STM32CubeIDE_1.18.1/STM32CubeIDE/plugins/com.st.stm32cube.ide.mcu.externaltools.gnu-tools-for-stm32.13.3.rel1.win32_1.0.0.202411081344/tools/bin/../lib/gcc/arm-none-eabi/13.3.1/../../../../arm-none-eabi/lib/thumb/v7e-m+fp/hard\libc_nano.a(libc_a-stdio.o)
                              C:/ST/STM32CubeIDE_1.18.1/STM32CubeIDE/plugins/com.st.stm32cube.ide.mcu.externaltools.gnu-tools-for-stm32.13.3.rel1.win32_1.0.0.202411081344/tools/bin/../lib/gcc/arm-none-eabi/13.3.1/../../../../arm-none-eabi/lib/thumb/v7e-m+fp/hard\libc_nano.a(libc_a-findfp.o) (__sread)
C:/ST/STM32CubeIDE_1.18.1/STM32CubeIDE/plugins/com.st.stm32cube.ide.mcu.externaltools.gnu-tools-for-stm32.13.3.rel1.win32_1.0.0.202411081344/tools/bin/../lib/gcc/arm-none-eabi/13.3.1/../../../../arm-none-eabi/lib/thumb/v7e-m+fp/hard\libc_nano.a(libc_a-memset.o)
                              C:/ST/STM32CubeIDE_1.18.1/STM32CubeIDE/plugins/com.st.stm32cube.ide.mcu.externaltools.gnu-tools-for-stm32.13.3.rel1.win32_1.0.0.202411081344/tools/bin/../lib/gcc/arm-none-eabi/13.3.1/../../../../arm-none-eabi/lib/thumb/v7e-m+fp/hard/crt0.o (memset)
C:/ST/STM32CubeIDE_1.18.1/STM32CubeIDE/plugins/com.st.stm32cube.ide.mcu.externaltools.gnu-tools-for-stm32.13.3.rel1.win32_1.0.0.202411081344/tools/bin/../lib/gcc/arm-none-eabi/13.3.1/../../../../arm-none-eabi/lib/thumb/v7e-m+fp/hard\libc_nano.a(libc_a-localeconv.o)
                              C:/ST/STM32CubeIDE_1.18.1/STM32CubeIDE/plugins/com.st.stm32cube.ide.mcu.externaltools.gnu-tools-for-stm32.13.3.rel1.win32_1.0.0.202411081344/tools/bin/../lib/gcc/arm-none-eabi/13.3.1/../../../../arm-none-eabi/lib/thumb/v7e-m+fp/hard\libc_nano.a(libc_a-nano-vfprintf_float.o) (_localeconv_r)
C:/ST/STM32CubeIDE_1.18.1/STM32CubeIDE/plugins/com.st.stm32cube.ide.mcu.externaltools.gnu-tools-for-stm32.13.3.rel1.win32_1.0.0.202411081344/tools/bin/../lib/gcc/arm-none-eabi/13.3.1/../../../../arm-none-eabi/lib/thumb/v7e-m+fp/hard\libc_nano.a(libc_a-closer.o)
[...]
Memory Configuration

Name             Origin             Length             Attributes
RAM              0x20000000         0x00010000         xrw
FLASH            0x08000000         0x00040000         xr
*default*        0x00000000         0xffffffff

Linker script and memory map

LOAD C:/ST/STM32CubeIDE_1.18.1/STM32CubeIDE/plugins/com.st.stm32cube.ide.mcu.externaltools.gnu-tools-for-stm32.13.3.rel1.win32_1.0.0.202411081344/tools/bin/../lib/gcc/arm-none-eabi/13.3.1/thumb/v7e-m+fp/hard/crti.o
LOAD C:/ST/STM32CubeIDE_1.18.1/STM32CubeIDE/plugins/com.st.stm32cube.ide.mcu.externaltools.gnu-tools-for-stm32.13.3.rel1.win32_1.0.0.202411081344/tools/bin/../lib/gcc/arm-none-eabi/13.3.1/thumb/v7e-m+fp/hard/crtbegin.o
LOAD C:/ST/STM32CubeIDE_1.18.1/STM32CubeIDE/plugins/com.st.stm32cube.ide.mcu.externaltools.gnu-tools-for-stm32.13.3.rel1.win32_1.0.0.202411081344/tools/bin/../lib/gcc/arm-none-eabi/13.3.1/../../../../arm-none-eabi/lib/thumb/v7e-m+fp/hard/crt0.o
LOAD ./Core/Src/GFX_FUNCTIONS.o
LOAD ./Core/Src/ST7735.o
LOAD ./Core/Src/bh1750.o
LOAD ./Core/Src/bme280.o
LOAD ./Core/Src/bme280_stm32_hal.o
LOAD ./Core/Src/fonts.o
LOAD ./Core/Src/main.o
LOAD ./Core/Src/stm32f4xx_hal_msp.o
LOAD ./Core/Src/stm32f4xx_it.o
LOAD ./Core/Src/syscalls.o
LOAD ./Core/Src/sysmem.o
LOAD ./Core/Src/system_stm32f4xx.o
LOAD ./Core/Startup/startup_stm32f401ccux.o
LOAD ./Drivers/STM32F4xx_HAL_Driver/Src/stm32f4xx_hal.o
LOAD ./Drivers/STM32F4xx_HAL_Driver/Src/stm32f4xx_hal_cortex.o
LOAD ./Drivers/STM32F4xx_HAL_Driver/Src/stm32f4xx_hal_dma.o
LOAD ./Drivers/STM32F4xx_HAL_Driver/Src/stm32f4xx_hal_dma_ex.o
LOAD ./Drivers/STM32F4xx_HAL_Driver/Src/stm32f4xx_hal_exti.o
LOAD ./Drivers/STM32F4xx_HAL_Driver/Src/stm32f4xx_hal_flash.o
LOAD ./Drivers/STM32F4xx_HAL_Driver/Src/stm32f4xx_hal_flash_ex.o
LOAD ./Drivers/STM32F4xx_HAL_Driver/Src/stm32f4xx_hal_flash_ramfunc.o
LOAD ./Drivers/STM32F4xx_HAL_Driver/Src/stm32f4xx_hal_gpio.o
LOAD ./Drivers/STM32F4xx_HAL_Driver/Src/stm32f4xx_hal_i2c.o
LOAD ./Drivers/STM32F4xx_HAL_Driver/Src/stm32f4xx_hal_i2c_ex.o
LOAD ./Drivers/STM32F4xx_HAL_Driver/Src/stm32f4xx_hal_pwr.o
LOAD ./Drivers/STM32F4xx_HAL_Driver/Src/stm32f4xx_hal_pwr_ex.o
LOAD ./Drivers/STM32F4xx_HAL_Driver/Src/stm32f4xx_hal_rcc.o
LOAD ./Drivers/STM32F4xx_HAL_Driver/Src/stm32f4xx_hal_rcc_ex.o
LOAD ./Drivers/STM32F4xx_HAL_Driver/Src/stm32f4xx_hal_rtc.o
LOAD ./Drivers/STM32F4xx_HAL_Driver/Src/stm32f4xx_hal_rtc_ex.o
LOAD ./Drivers/STM32F4xx_HAL_Driver/Src/stm32f4xx_hal_spi.o
LOAD ./Drivers/STM32F4xx_HAL_Driver/Src/stm32f4xx_hal_tim.o
LOAD ./Drivers/STM32F4xx_HAL_Driver/Src/stm32f4xx_hal_tim_ex.o
LOAD ./Drivers/STM32F4xx_HAL_Driver/Src/stm32f4xx_hal_uart.o
LOAD ./FATFS/App/fatfs.o
LOAD ./FATFS/Target/user_diskio.o
LOAD ./Middlewares/Third_Party/FatFs/src/diskio.o
LOAD ./Middlewares/Third_Party/FatFs/src/ff.o
LOAD ./Middlewares/Third_Party/FatFs/src/ff_gen_drv.o
LOAD ./Middlewares/Third_Party/FatFs/src/option/syscall.o
START GROUP
LOAD C:/ST/STM32CubeIDE_1.18.1/STM32CubeIDE/plugins/com.st.stm32cube.ide.mcu.externaltools.gnu-tools-for-stm32.13.3.rel1.win32_1.0.0.202411081344/tools/bin/../lib/gcc/arm-none-eabi/13.3.1/../../../../arm-none-eabi/lib/thumb/v7e-m+fp/hard\libc_nano.a
LOAD C:/ST/STM32CubeIDE_1.18.1/STM32CubeIDE/plugins/com.st.stm32cube.ide.mcu.externaltools.gnu-tools-for-stm32.13.3.rel1.win32_1.0.0.202411081344/tools/bin/../lib/gcc/arm-none-eabi/13.3.1/../../../../arm-none-eabi/lib/thumb/v7e-m+fp/hard\libm.a
END GROUP
START GROUP
LOAD C:/ST/STM32CubeIDE_1.18.1/STM32CubeIDE/plugins/com.st.stm32cube.ide.mcu.externaltools.gnu-tools-for-stm32.13.3.rel1.win32_1.0.0.202411081344/tools/bin/../lib/gcc/arm-none-eabi/13.3.1/thumb/v7e-m+fp/hard\libgcc.a
LOAD C:/ST/STM32CubeIDE_1.18.1/STM32CubeIDE/plugins/com.st.stm32cube.ide.mcu.externaltools.gnu-tools-for-stm32.13.3.rel1.win32_1.0.0.202411081344/tools/bin/../lib/gcc/arm-none-eabi/13.3.1/../../../../arm-none-eabi/lib/thumb/v7e-m+fp/hard\libc_nano.a
END GROUP
START GROUP
LOAD C:/ST/STM32CubeIDE_1.18.1/STM32CubeIDE/plugins/com.st.stm32cube.ide.mcu.externaltools.gnu-tools-for-stm32.13.3.rel1.win32_1.0.0.202411081344/tools/bin/../lib/gcc/arm-none-eabi/13.3.1/thumb/v7e-m+fp/hard\libgcc.a
LOAD C:/ST/STM32CubeIDE_1.18.1/STM32CubeIDE/plugins/com.st.stm32cube.ide.mcu.externaltools.gnu-tools-for-stm32.13.3.rel1.win32_1.0.0.202411081344/tools/bin/../lib/gcc/arm-none-eabi/13.3.1/../../../../arm-none-eabi/lib/thumb/v7e-m+fp/hard\libc_nano.a
LOAD C:/ST/STM32CubeIDE_1.18.1/STM32CubeIDE/plugins/com.st.stm32cube.ide.mcu.externaltools.gnu-tools-for-stm32.13.3.rel1.win32_1.0.0.202411081344/tools/bin/../lib/gcc/arm-none-eabi/13.3.1/../../../../arm-none-eabi/lib/thumb/v7e-m+fp/hard\libnosys.a
END GROUP
START GROUP
LOAD C:/ST/STM32CubeIDE_1.18.1/STM32CubeIDE/plugins/com.st.stm32cube.ide.mcu.externaltools.gnu-tools-for-stm32.13.3.rel1.win32_1.0.0.202411081344/tools/bin/../lib/gcc/arm-none-eabi/13.3.1/thumb/v7e-m+fp/hard\libgcc.a
LOAD C:/ST/STM32CubeIDE_1.18.1/STM32CubeIDE/plugins/com.st.stm32cube.ide.mcu.externaltools.gnu-tools-for-stm32.13.3.rel1.win32_1.0.0.202411081344/tools/bin/../lib/gcc/arm-none-eabi/13.3.1/../../../../arm-none-eabi/lib/thumb/v7e-m+fp/hard\libc_nano.a
LOAD C:/ST/STM32CubeIDE_1.18.1/STM32CubeIDE/plugins/com.st.stm32cube.ide.mcu.externaltools.gnu-tools-for-stm32.13.3.rel1.win32_1.0.0.202411081344/tools/bin/../lib/gcc/arm-none-eabi/13.3.1/../../../../arm-none-eabi/lib/thumb/v7e-m+fp/hard\libnosys.a
END GROUP
LOAD C:/ST/STM32CubeIDE_1.18.1/STM32CubeIDE/plugins/com.st.stm32cube.ide.mcu.externaltools.gnu-tools-for-stm32.13.3.rel1.win32_1.0.0.202411081344/tools/bin/../lib/gcc/arm-none-eabi/13.3.1/thumb/v7e-m+fp/hard/crtend.o
LOAD C:/ST/STM32CubeIDE_1.18.1/STM32CubeIDE/plugins/com.st.stm32cube.ide.mcu.externaltools.gnu-tools-for-stm32.13.3.rel1.win32_1.0.0.202411081344/tools/bin/../lib/gcc/arm-none-eabi/13.3.1/thumb/v7e-m+fp/hard/crtn.o
                0x20010000                        _estack = (ORIGIN (RAM) + LENGTH (RAM))
                0x00000200                        _Min_Heap_Size = 0x200
                0x00000400                        _Min_Stack_Size = 0x400

.isr_vector     0x08000000      0x194
                0x08000000                        . = ALIGN (0x4)
 *(.isr_vector)
 .isr_vector    0x08000000      0x194 ./Core/Startup/startup_stm32f401ccux.o
                0x08000000                g_pfnVectors
                0x08000194                        . = ALIGN (0x4)

.text           0x080001a0     0xdd80
                0x080001a0                        . = ALIGN (0x4)
 *(.text)
 .text          0x080001a0       0x40 C:/ST/STM32CubeIDE_1.18.1/STM32CubeIDE/plugins/com.st.stm32cube.ide.mcu.externaltools.gnu-tools-for-stm32.13.3.rel1.win32_1.0.0.202411081344/tools/bin/../lib/gcc/arm-none-eabi/13.3.1/thumb/v7e-m+fp/hard/crtbegin.o
 .text          0x080001e0       0xa0 C:/ST/STM32CubeIDE_1.18.1/STM32CubeIDE/plugins/com.st.stm32cube.ide.mcu.externaltools.gnu-tools-for-stm32.13.3.rel1.win32_1.0.0.202411081344/tools/bin/../lib/gcc/arm-none-eabi/13.3.1/../../../../arm-none-eabi/lib/thumb/v7e-m+fp/hard\libc_nano.a(libc_a-memchr.o)
                0x080001e0                memchr
 .text          0x08000280       0x10 C:/ST/STM32CubeIDE_1.18.1/STM32CubeIDE/plugins/com.st.stm32cube.ide.mcu.externaltools.gnu-tools-for-stm32.13.3.rel1.win32_1.0.0.202411081344/tools/bin/../lib/gcc/arm-none-eabi/13.3.1/../../../../arm-none-eabi/lib/thumb/v7e-m+fp/hard\libc_nano.a(libc_a-strlen.o)
                0x08000280                strlen
 .text          0x08000290      0x378 C:/ST/STM32CubeIDE_1.18.1/STM32CubeIDE/plugins/com.st.stm32cube.ide.mcu.externaltools.gnu-tools-for-stm32.13.3.rel1.win32_1.0.0.202411081344/tools/bin/../lib/gcc/arm-none-eabi/13.3.1/thumb/v7e-m+fp/hard\libgcc.a(_arm_addsubdf3.o)
                0x08000290                __aeabi_drsub
                0x08000298                __aeabi_dsub
                0x08000298                __subdf3
                0x0800029c                __aeabi_dadd
                0x0800029c                __adddf3
                0x08000514                __floatunsidf
                0x08000514                __aeabi_ui2d
                0x08000534                __floatsidf
                0x08000534                __aeabi_i2d
                0x08000558                __aeabi_f2d
                0x08000558                __extendsfdf2
                0x0800059c                __floatundidf
                0x0800059c                __aeabi_ul2d
                0x080005ac                __floatdidf
                0x080005ac                __aeabi_l2d
 .text          0x08000608      0x424 C:/ST/STM32CubeIDE_1.18.1/STM32CubeIDE/plugins/com.st.stm32cube.ide.mcu.externaltools.gnu-tools-for-stm32.13.3.rel1.win32_1.0.0.202411081344/tools/bin/../lib/gcc/arm-none-eabi/13.3.1/thumb/v7e-m+fp/hard\libgcc.a(_arm_muldivdf3.o)
                0x08000608                __aeabi_dmul
                0x08000608                __muldf3
                0x0800085c                __divdf3
                0x0800085c                __aeabi_ddiv
 .text          0x08000a2c      0x110 C:/ST/STM32CubeIDE_1.18.1/STM32CubeIDE/plugins/com.st.stm32cube.ide.mcu.externaltools.gnu-tools-for-stm32.13.3.rel1.win32_1.0.0.202411081344/tools/bin/../lib/gcc/arm-none-eabi/13.3.1/thumb/v7e-m+fp/hard\libgcc.a(_arm_cmpdf2.o)
                0x08000a2c                __gtdf2
                0x08000a2c                __gedf2
                0x08000a34                __ltdf2
                0x08000a34                __ledf2
                0x08000a3c                __nedf2
                0x08000a3c                __eqdf2
                0x08000a3c                __cmpdf2
                0x08000ab8                __aeabi_cdrcmple
                0x08000ac8                __aeabi_cdcmpeq
                0x08000ac8                __aeabi_cdcmple
                0x08000ad8                __aeabi_dcmpeq
                0x08000aec                __aeabi_dcmplt
                0x08000b00                __aeabi_dcmple
                0x08000b14                __aeabi_dcmpge
                0x08000b28                __aeabi_dcmpgt
 .text          0x08000b3c       0x2c C:/ST/STM32CubeIDE_1.18.1/STM32CubeIDE/plugins/com.st.stm32cube.ide.mcu.externaltools.gnu-tools-for-stm32.13.3.rel1.win32_1.0.0.202411081344/tools/bin/../lib/gcc/arm-none-eabi/13.3.1/thumb/v7e-m+fp/hard\libgcc.a(_arm_unorddf2.o)
                0x08000b3c                __unorddf2
                0x08000b3c                __aeabi_dcmpun
 .text          0x08000b68       0x50 C:/ST/STM32CubeIDE_1.18.1/STM32CubeIDE/plugins/com.st.stm32cube.ide.mcu.externaltools.gnu-tools-for-stm32.13.3.rel1.win32_1.0.0.202411081344/tools/bin/../lib/gcc/arm-none-eabi/13.3.1/thumb/v7e-m+fp/hard\libgcc.a(_arm_fixdfsi.o)
                0x08000b68                __aeabi_d2iz
                0x08000b68                __fixdfsi
 .text          0x08000bb8       0x30 C:/ST/STM32CubeIDE_1.18.1/STM32CubeIDE/plugins/com.st.stm32cube.ide.mcu.externaltools.gnu-tools-for-stm32.13.3.rel1.win32_1.0.0.202411081344/tools/bin/../lib/gcc/arm-none-eabi/13.3.1/thumb/v7e-m+fp/hard\libgcc.a(_aeabi_uldivmod.o)
                0x08000bb8                __aeabi_uldivmod
 .text          0x08000be8      0x2f8 C:/ST/STM32CubeIDE_1.18.1/STM32CubeIDE/plugins/com.st.stm32cube.ide.mcu.externaltools.gnu-tools-for-stm32.13.3.rel1.win32_1.0.0.202411081344/tools/bin/../lib/gcc/arm-none-eabi/13.3.1/thumb/v7e-m+fp/hard\libgcc.a(_udivmoddi4.o)
                0x08000be8                __udivmoddi4
 .text          0x08000ee0        0x4 C:/ST/STM32CubeIDE_1.18.1/STM32CubeIDE/plugins/com.st.stm32cube.ide.mcu.externaltools.gnu-tools-for-stm32.13.3.rel1.win32_1.0.0.202411081344/tools/bin/../lib/gcc/arm-none-eabi/13.3.1/thumb/v7e-m+fp/hard\libgcc.a(_dvmd_tls.o)
                0x08000ee0                __aeabi_idiv0
                0x08000ee0                __aeabi_ldiv0
 *(.text*)
 .text.fillRect
                0x08000ee4       0x38 ./Core/Src/GFX_FUNCTIONS.o
                0x08000ee4                fillRect
 .text.fillScreen
                0x08000f1c       0x34 ./Core/Src/GFX_FUNCTIONS.o
                0x08000f1c                fillScreen
 .text.ST7735_Select
                0x08000f50       0x18 ./Core/Src/ST7735.o
                0x08000f50                ST7735_Select
 .text.ST7735_Unselect
                0x08000f68       0x18 ./Core/Src/ST7735.o
                0x08000f68                ST7735_Unselect
 .text.ST7735_Reset
                0x08000f80       0x28 ./Core/Src/ST7735.o
                0x08000f80                ST7735_Reset
 .text.ST7735_WriteCommand
                0x08000fa8       0x34 ./Core/Src/ST7735.o
                0x08000fa8                ST7735_WriteCommand
 .text.ST7735_WriteData
                0x08000fdc       0x34 ./Core/Src/ST7735.o
                0x08000fdc                ST7735_WriteData
 .text.DisplayInit
                0x08001010       0x92 ./Core/Src/ST7735.o
                0x08001010                DisplayInit
 *fill*         0x080010a2        0x2 
 .text.ST7735_SetAddressWindow
                0x080010a4       0x90 ./Core/Src/ST7735.o
                0x080010a4                ST7735_SetAddressWindow
 .text.ST7735_Init
                0x08001134       0x58 ./Core/Src/ST7735.o
                0x08001134                ST7735_Init
 .text.ST7735_SetRotation
                0x0800118c      0x100 ./Core/Src/ST7735.o
                0x0800118c                ST7735_SetRotation
 .text.ST7735_WriteChar
                0x0800128c       0xee ./Core/Src/ST7735.o
                0x0800128c                ST7735_WriteChar
 *fill*         0x0800137a        0x2 
 .text.ST7735_WriteString
                0x0800137c       0xa8 ./Core/Src/ST7735.o
                0x0800137c                ST7735_WriteString
 .text.ST7735_FillRectangle
                0x08001424      0x110 ./Core/Src/ST7735.o
                0x08001424                ST7735_FillRectangle
 .text.BH1750_Init
                0x08001534       0x6c ./Core/Src/bh1750.o
                0x08001534                BH1750_Init
 .text.BH1750_StartMeasurement
                0x080015a0       0x38 ./Core/Src/bh1750.o
                0x080015a0                BH1750_StartMeasurement
 .text.bme280_init
                0x080015d8       0x60 ./Core/Src/bme280.o
                0x080015d8                bme280_init
 .text.bme280_get_regs
                0x08001638       0x70 ./Core/Src/bme280.o
                0x08001638                bme280_get_regs
 .text.bme280_set_regs
                0x080016a8       0xe4 ./Core/Src/bme280.o
                0x080016a8                bme280_set_regs
 .text.bme280_set_sensor_settings
                0x0800178c       0x9e ./Core/Src/bme280.o
                0x0800178c                bme280_set_sensor_settings
 .text.bme280_set_sensor_mode
                0x0800182a       0x56 ./Core/Src/bme280.o
                0x0800182a                bme280_set_sensor_mode
 .text.bme280_get_sensor_mode
                0x08001880       0x40 ./Core/Src/bme280.o
                0x08001880                bme280_get_sensor_mode
 .text.bme280_soft_reset
                0x080018c0       0x8c ./Core/Src/bme280.o
                0x080018c0                bme280_soft_reset
 .text.bme280_get_sensor_data
                0x0800194c       0x80 ./Core/Src/bme280.o
                0x0800194c                bme280_get_sensor_data
 .text.bme280_compensate_data
                0x080019cc       0xc2 ./Core/Src/bme280.o
                0x080019cc                bme280_compensate_data
 .text.set_osr_settings
                0x08001a8e       0x4e ./Core/Src/bme280.o
 .text.set_osr_humidity_settings
                0x08001adc       0x74 ./Core/Src/bme280.o
 .text.set_osr_press_temp_settings
                0x08001b50       0x78 ./Core/Src/bme280.o
 .text.set_filter_standby_settings
                0x08001bc8       0x78 ./Core/Src/bme280.o
 .text.fill_filter_settings
                0x08001c40       0x3c ./Core/Src/bme280.o
 .text.fill_standby_settings
                0x08001c7c       0x36 ./Core/Src/bme280.o
 .text.fill_osr_press_settings
                0x08001cb2       0x3c ./Core/Src/bme280.o
 .text.fill_osr_temp_settings
                0x08001cee       0x36 ./Core/Src/bme280.o
 .text.parse_device_settings
                0x08001d24       0x68 ./Core/Src/bme280.o
 .text.parse_sensor_data
                0x08001d8c       0x8c ./Core/Src/bme280.o
 .text.write_power_mode
                0x08001e18       0x66 ./Core/Src/bme280.o
 .text.put_device_to_sleep
                0x08001e7e       0x60 ./Core/Src/bme280.o
 .text.reload_device_settings
                0x08001ede       0x3a ./Core/Src/bme280.o
 .text.compensate_temperature
                0x08001f18      0x1a4 ./Core/Src/bme280.o
 *fill*         0x080020bc        0x4 
 .text.compensate_pressure
                0x080020c0      0x3a0 ./Core/Src/bme280.o
 .text.compensate_humidity
                0x08002460      0x240 ./Core/Src/bme280.o
 .text.get_calib_data
                0x080026a0       0x88 ./Core/Src/bme280.o
 .text.interleave_reg_addr
                0x08002728       0x56 ./Core/Src/bme280.o
 .text.parse_temp_press_calib_data
                0x0800277e      0x178 ./Core/Src/bme280.o
 .text.parse_humidity_calib_data
                0x080028f6       0xa0 ./Core/Src/bme280.o
 .text.are_settings_changed
                0x08002996       0x38 ./Core/Src/bme280.o
 .text.null_ptr_check
                0x080029ce       0x40 ./Core/Src/bme280.o
 *fill*         0x08002a0e        0x2 
 .text.user_i2c_read
                0x08002a10       0x54 ./Core/Src/bme280_stm32_hal.o
                0x08002a10                user_i2c_read
 .text.user_i2c_write
                0x08002a64       0x54 ./Core/Src/bme280_stm32_hal.o
                0x08002a64                user_i2c_write
 .text.user_delay_us
                0x08002ab8       0x2c ./Core/Src/bme280_stm32_hal.o
                0x08002ab8                user_delay_us
 .text.main     0x08002ae4      0x434 ./Core/Src/main.o
                0x08002ae4                main
 .text.SystemClock_Config
                0x08002f18       0xc4 ./Core/Src/main.o
                0x08002f18                SystemClock_Config
 .text.MX_I2C1_Init
                0x08002fdc       0x5c ./Core/Src/main.o
 .text.MX_I2C2_Init
                0x08003038       0x5c ./Core/Src/main.o
 .text.MX_RTC_Init
                0x08003094       0xc8 ./Core/Src/main.o
 .text.MX_SPI1_Init
                0x0800315c       0x6c ./Core/Src/main.o
 .text.MX_TIM1_Init
                0x080031c8       0xa4 ./Core/Src/main.o
 .text.MX_USART2_UART_Init
                0x0800326c       0x54 ./Core/Src/main.o
 .text.MX_GPIO_Init
                0x080032c0       0xb8 ./Core/Src/main.o
 .text.HAL_TIM_PeriodElapsedCallback
                0x08003378       0x2c ./Core/Src/main.o
                0x08003378                HAL_TIM_PeriodElapsedCallback
 .text.BT_SendString
                0x080033a4       0x2c ./Core/Src/main.o
                0x080033a4                BT_SendString
 .text.HAL_RTCEx_WakeUpTimerEventCallback
                0x080033d0       0xa8 ./Core/Src/main.o
                0x080033d0                HAL_RTCEx_WakeUpTimerEventCallback
 .text.HAL_GPIO_EXTI_Callback
                0x08003478      0x20c ./Core/Src/main.o
                0x08003478                HAL_GPIO_EXTI_Callback
 .text.Error_Handler
                0x08003684        0xc ./Core/Src/main.o
                0x08003684                Error_Handler
 .text.HAL_MspInit
                0x08003690       0x50 ./Core/Src/stm32f4xx_hal_msp.o
                0x08003690                HAL_MspInit
 .text.HAL_I2C_MspInit
                0x080036e0      0x118 ./Core/Src/stm32f4xx_hal_msp.o
                0x080036e0                HAL_I2C_MspInit
 .text.HAL_RTC_MspInit
                0x080037f8       0x68 ./Core/Src/stm32f4xx_hal_msp.o
                0x080037f8                HAL_RTC_MspInit
 .text.HAL_SPI_MspInit
                0x08003860       0x90 ./Core/Src/stm32f4xx_hal_msp.o
                0x08003860                HAL_SPI_MspInit
 .text.HAL_TIM_Base_MspInit
                0x080038f0       0x50 ./Core/Src/stm32f4xx_hal_msp.o
                0x080038f0                HAL_TIM_Base_MspInit
 .text.HAL_UART_MspInit
                0x08003940       0x90 ./Core/Src/stm32f4xx_hal_msp.o
                0x08003940                HAL_UART_MspInit
 .text.NMI_Handler
                0x080039d0        0x8 ./Core/Src/stm32f4xx_it.o
                0x080039d0                NMI_Handler
 .text.HardFault_Handler
                0x080039d8        0x8 ./Core/Src/stm32f4xx_it.o
                0x080039d8                HardFault_Handler
 .text.MemManage_Handler
                0x080039e0        0x8 ./Core/Src/stm32f4xx_it.o
                0x080039e0                MemManage_Handler
 .text.BusFault_Handler
                0x080039e8        0x8 ./Core/Src/stm32f4xx_it.o
                0x080039e8                BusFault_Handler
 .text.UsageFault_Handler
                0x080039f0        0x8 ./Core/Src/stm32f4xx_it.o
                0x080039f0                UsageFault_Handler
 .text.SVC_Handler
                0x080039f8        0xe ./Core/Src/stm32f4xx_it.o
                0x080039f8                SVC_Handler
 .text.DebugMon_Handler
                0x08003a06        0xe ./Core/Src/stm32f4xx_it.o
                0x08003a06                DebugMon_Handler
 .text.PendSV_Handler
                0x08003a14        0xe ./Core/Src/stm32f4xx_it.o
                0x08003a14                PendSV_Handler
 .text.SysTick_Handler
                0x08003a22        0xc ./Core/Src/stm32f4xx_it.o
                0x08003a22                SysTick_Handler
 *fill*         0x08003a2e        0x2 
 .text.RTC_WKUP_IRQHandler
                0x08003a30       0x14 ./Core/Src/stm32f4xx_it.o
                0x08003a30                RTC_WKUP_IRQHandler
 .text.TIM1_UP_TIM10_IRQHandler
                0x08003a44       0x14 ./Core/Src/stm32f4xx_it.o
                0x08003a44                TIM1_UP_TIM10_IRQHandler
 .text.EXTI15_10_IRQHandler
                0x08003a58       0x18 ./Core/Src/stm32f4xx_it.o
                0x08003a58                EXTI15_10_IRQHandler
 .text._getpid  0x08003a70       0x10 ./Core/Src/syscalls.o
                0x08003a70                _getpid
 .text._kill    0x08003a80       0x20 ./Core/Src/syscalls.o
                0x08003a80                _kill
 .text._exit    0x08003aa0       0x16 ./Core/Src/syscalls.o
                0x08003aa0                _exit
 .text._read    0x08003ab6       0x3a ./Core/Src/syscalls.o
                0x08003ab6                _read
 .text._write   0x08003af0       0x38 ./Core/Src/syscalls.o
                0x08003af0                _write
 .text._close   0x08003b28       0x18 ./Core/Src/syscalls.o
                0x08003b28                _close
 .text._fstat   0x08003b40       0x20 ./Core/Src/syscalls.o
                0x08003b40                _fstat
 .text._isatty  0x08003b60       0x16 ./Core/Src/syscalls.o
                0x08003b60                _isatty
 .text._lseek   0x08003b76       0x1a ./Core/Src/syscalls.o
                0x08003b76                _lseek
 .text._sbrk    0x08003b90       0x6c ./Core/Src/sysmem.o
                0x08003b90                _sbrk
 .text.SystemInit
                0x08003bfc       0x24 ./Core/Src/system_stm32f4xx.o
                0x08003bfc                SystemInit
 .text.Reset_Handler
                0x08003c20       0x50 ./Core/Startup/startup_stm32f401ccux.o
                0x08003c20                Reset_Handler
 .text.Default_Handler
                0x08003c70        0x2 ./Core/Startup/startup_stm32f401ccux.o
                0x08003c70                RTC_Alarm_IRQHandler
                0x08003c70                EXTI2_IRQHandler
                0x08003c70                SPI4_IRQHandler
                0x08003c70                TIM1_CC_IRQHandler
                0x08003c70                DMA2_Stream5_IRQHandler
                0x08003c70                DMA1_Stream5_IRQHandler
                0x08003c70                PVD_IRQHandler
                0x08003c70                SDIO_IRQHandler
                0x08003c70                TAMP_STAMP_IRQHandler
                0x08003c70                EXTI3_IRQHandler
                0x08003c70                I2C3_ER_IRQHandler
                0x08003c70                EXTI0_IRQHandler
                0x08003c70                I2C2_EV_IRQHandler
                0x08003c70                DMA1_Stream2_IRQHandler
                0x08003c70                FPU_IRQHandler
                0x08003c70                DMA2_Stream2_IRQHandler
                0x08003c70                SPI1_IRQHandler
                0x08003c70                TIM1_BRK_TIM9_IRQHandler
                0x08003c70                DMA2_Stream3_IRQHandler
                0x08003c70                USART6_IRQHandler
                0x08003c70                DMA2_Stream0_IRQHandler
                0x08003c70                TIM4_IRQHandler
                0x08003c70                I2C1_EV_IRQHandler
                0x08003c70                DMA1_Stream6_IRQHandler
                0x08003c70                DMA1_Stream1_IRQHandler
                0x08003c70                TIM3_IRQHandler
                0x08003c70                RCC_IRQHandler
                0x08003c70                Default_Handler
                0x08003c70                ADC_IRQHandler
                0x08003c70                DMA1_Stream7_IRQHandler
                0x08003c70                TIM5_IRQHandler
                0x08003c70                DMA2_Stream7_IRQHandler
                0x08003c70                I2C3_EV_IRQHandler
                0x08003c70                EXTI9_5_IRQHandler
                0x08003c70                SPI2_IRQHandler
                0x08003c70                DMA1_Stream0_IRQHandler
                0x08003c70                EXTI4_IRQHandler
                0x08003c70                WWDG_IRQHandler
                0x08003c70                TIM2_IRQHandler
                0x08003c70                OTG_FS_WKUP_IRQHandler
                0x08003c70                TIM1_TRG_COM_TIM11_IRQHandler
                0x08003c70                EXTI1_IRQHandler
                0x08003c70                USART2_IRQHandler
                0x08003c70                I2C2_ER_IRQHandler
                0x08003c70                DMA2_Stream1_IRQHandler
                0x08003c70                FLASH_IRQHandler
                0x08003c70                DMA2_Stream4_IRQHandler
                0x08003c70                USART1_IRQHandler
                0x08003c70                OTG_FS_IRQHandler
                0x08003c70                SPI3_IRQHandler
                0x08003c70                DMA1_Stream4_IRQHandler
                0x08003c70                I2C1_ER_IRQHandler
                0x08003c70                DMA2_Stream6_IRQHandler
                0x08003c70                DMA1_Stream3_IRQHandler
 *fill*         0x08003c72        0x2 
 .text.HAL_Init
                0x08003c74       0x44 ./Drivers/STM32F4xx_HAL_Driver/Src/stm32f4xx_hal.o
                0x08003c74                HAL_Init
 .text.HAL_InitTick
                0x08003cb8       0x60 ./Drivers/STM32F4xx_HAL_Driver/Src/stm32f4xx_hal.o
                0x08003cb8                HAL_InitTick
 .text.HAL_IncTick
                0x08003d18       0x28 ./Drivers/STM32F4xx_HAL_Driver/Src/stm32f4xx_hal.o
                0x08003d18                HAL_IncTick
 .text.HAL_GetTick
                0x08003d40       0x18 ./Drivers/STM32F4xx_HAL_Driver/Src/stm32f4xx_hal.o
                0x08003d40                HAL_GetTick
 .text.HAL_Delay
                0x08003d58       0x48 ./Drivers/STM32F4xx_HAL_Driver/Src/stm32f4xx_hal.o
                0x08003d58                HAL_Delay
 .text.__NVIC_SetPriorityGrouping
                0x08003da0       0x48 ./Drivers/STM32F4xx_HAL_Driver/Src/stm32f4xx_hal_cortex.o
 .text.__NVIC_GetPriorityGrouping
                0x08003de8       0x1c ./Drivers/STM32F4xx_HAL_Driver/Src/stm32f4xx_hal_cortex.o
 .text.__NVIC_EnableIRQ
                0x08003e04       0x3c ./Drivers/STM32F4xx_HAL_Driver/Src/stm32f4xx_hal_cortex.o
 .text.__NVIC_SetPriority
                0x08003e40       0x54 ./Drivers/STM32F4xx_HAL_Driver/Src/stm32f4xx_hal_cortex.o
 .text.NVIC_EncodePriority
                0x08003e94       0x66 ./Drivers/STM32F4xx_HAL_Driver/Src/stm32f4xx_hal_cortex.o
 *fill*         0x08003efa        0x2 
 .text.SysTick_Config
                0x08003efc       0x44 ./Drivers/STM32F4xx_HAL_Driver/Src/stm32f4xx_hal_cortex.o
 .text.HAL_NVIC_SetPriorityGrouping
                0x08003f40       0x16 ./Drivers/STM32F4xx_HAL_Driver/Src/stm32f4xx_hal_cortex.o
                0x08003f40                HAL_NVIC_SetPriorityGrouping
 .text.HAL_NVIC_SetPriority
                0x08003f56       0x38 ./Drivers/STM32F4xx_HAL_Driver/Src/stm32f4xx_hal_cortex.o
                0x08003f56                HAL_NVIC_SetPriority
 .text.HAL_NVIC_EnableIRQ
                0x08003f8e       0x1c ./Drivers/STM32F4xx_HAL_Driver/Src/stm32f4xx_hal_cortex.o
                0x08003f8e                HAL_NVIC_EnableIRQ
 .text.HAL_SYSTICK_Config
                0x08003faa       0x18 ./Drivers/STM32F4xx_HAL_Driver/Src/stm32f4xx_hal_cortex.o
                0x08003faa                HAL_SYSTICK_Config
 *fill*         0x08003fc2        0x2 
 .text.HAL_GPIO_Init
                0x08003fc4      0x308 ./Drivers/STM32F4xx_HAL_Driver/Src/stm32f4xx_hal_gpio.o
                0x08003fc4                HAL_GPIO_Init
 .text.HAL_GPIO_WritePin
                0x080042cc       0x32 ./Drivers/STM32F4xx_HAL_Driver/Src/stm32f4xx_hal_gpio.o
                0x080042cc                HAL_GPIO_WritePin
 *fill*         0x080042fe        0x2 
 .text.HAL_GPIO_EXTI_IRQHandler
                0x08004300       0x30 ./Drivers/STM32F4xx_HAL_Driver/Src/stm32f4xx_hal_gpio.o
                0x08004300                HAL_GPIO_EXTI_IRQHandler
 .text.HAL_I2C_Init
                0x08004330      0x288 ./Drivers/STM32F4xx_HAL_Driver/Src/stm32f4xx_hal_i2c.o
                0x08004330                HAL_I2C_Init
 .text.HAL_I2C_Master_Transmit
                0x080045b8      0x1fc ./Drivers/STM32F4xx_HAL_Driver/Src/stm32f4xx_hal_i2c.o
                0x080045b8                HAL_I2C_Master_Transmit
 .text.HAL_I2C_Master_Receive
                0x080047b4      0x464 ./Drivers/STM32F4xx_HAL_Driver/Src/stm32f4xx_hal_i2c.o
                0x080047b4                HAL_I2C_Master_Receive
 .text.HAL_I2C_Mem_Write
                0x08004c18      0x1f4 ./Drivers/STM32F4xx_HAL_Driver/Src/stm32f4xx_hal_i2c.o
                0x08004c18                HAL_I2C_Mem_Write
 .text.HAL_I2C_Mem_Read
                0x08004e0c      0x464 ./Drivers/STM32F4xx_HAL_Driver/Src/stm32f4xx_hal_i2c.o
                0x08004e0c                HAL_I2C_Mem_Read
 .text.I2C_MasterRequestWrite
                0x08005270      0x104 ./Drivers/STM32F4xx_HAL_Driver/Src/stm32f4xx_hal_i2c.o
 .text.I2C_MasterRequestRead
                0x08005374      0x19c ./Drivers/STM32F4xx_HAL_Driver/Src/stm32f4xx_hal_i2c.o
 .text.I2C_RequestMemoryWrite
                0x08005510      0x12c ./Drivers/STM32F4xx_HAL_Driver/Src/stm32f4xx_hal_i2c.o
 .text.I2C_RequestMemoryRead
                0x0800563c      0x1d0 ./Drivers/STM32F4xx_HAL_Driver/Src/stm32f4xx_hal_i2c.o
 .text.I2C_WaitOnFlagUntilTimeout
                0x0800580c       0xf4 ./Drivers/STM32F4xx_HAL_Driver/Src/stm32f4xx_hal_i2c.o
 .text.I2C_WaitOnMasterAddressFlagUntilTimeout
                0x08005900      0x140 ./Drivers/STM32F4xx_HAL_Driver/Src/stm32f4xx_hal_i2c.o
 .text.I2C_WaitOnTXEFlagUntilTimeout
                0x08005a40       0x90 ./Drivers/STM32F4xx_HAL_Driver/Src/stm32f4xx_hal_i2c.o
 .text.I2C_WaitOnBTFFlagUntilTimeout
                0x08005ad0       0x90 ./Drivers/STM32F4xx_HAL_Driver/Src/stm32f4xx_hal_i2c.o
 .text.I2C_WaitOnRXNEFlagUntilTimeout
                0x08005b60       0xba ./Drivers/STM32F4xx_HAL_Driver/Src/stm32f4xx_hal_i2c.o
 .text.I2C_IsAcknowledgeFailed
                0x08005c1a       0x5e ./Drivers/STM32F4xx_HAL_Driver/Src/stm32f4xx_hal_i2c.o
 .text.HAL_RCC_OscConfig
                0x08005c78      0x4f0 ./Drivers/STM32F4xx_HAL_Driver/Src/stm32f4xx_hal_rcc.o
                0x08005c78                HAL_RCC_OscConfig
 .text.HAL_RCC_ClockConfig
                0x08006168      0x1cc ./Drivers/STM32F4xx_HAL_Driver/Src/stm32f4xx_hal_rcc.o
                0x08006168                HAL_RCC_ClockConfig
 .text.HAL_RCC_GetSysClockFreq
                0x08006334      0x18c ./Drivers/STM32F4xx_HAL_Driver/Src/stm32f4xx_hal_rcc.o
                0x08006334                HAL_RCC_GetSysClockFreq
 .text.HAL_RCC_GetHCLKFreq
                0x080064c0       0x18 ./Drivers/STM32F4xx_HAL_Driver/Src/stm32f4xx_hal_rcc.o
                0x080064c0                HAL_RCC_GetHCLKFreq
 .text.HAL_RCC_GetPCLK1Freq
                0x080064d8       0x28 ./Drivers/STM32F4xx_HAL_Driver/Src/stm32f4xx_hal_rcc.o
                0x080064d8                HAL_RCC_GetPCLK1Freq
 .text.HAL_RCC_GetPCLK2Freq
                0x08006500       0x28 ./Drivers/STM32F4xx_HAL_Driver/Src/stm32f4xx_hal_rcc.o
                0x08006500                HAL_RCC_GetPCLK2Freq
 .text.HAL_RCCEx_PeriphCLKConfig
                0x08006528      0x1dc ./Drivers/STM32F4xx_HAL_Driver/Src/stm32f4xx_hal_rcc_ex.o
                0x08006528                HAL_RCCEx_PeriphCLKConfig
 .text.HAL_RTC_Init
                0x08006704      0x106 ./Drivers/STM32F4xx_HAL_Driver/Src/stm32f4xx_hal_rtc.o
                0x08006704                HAL_RTC_Init
 .text.HAL_RTC_SetTime
                0x0800680a      0x134 ./Drivers/STM32F4xx_HAL_Driver/Src/stm32f4xx_hal_rtc.o
                0x0800680a                HAL_RTC_SetTime
 .text.HAL_RTC_GetTime
                0x0800693e       0xbc ./Drivers/STM32F4xx_HAL_Driver/Src/stm32f4xx_hal_rtc.o
                0x0800693e                HAL_RTC_GetTime
 .text.HAL_RTC_SetDate
                0x080069fa      0x108 ./Drivers/STM32F4xx_HAL_Driver/Src/stm32f4xx_hal_rtc.o
                0x080069fa                HAL_RTC_SetDate
 .text.HAL_RTC_GetDate
                0x08006b02       0x9e ./Drivers/STM32F4xx_HAL_Driver/Src/stm32f4xx_hal_rtc.o
                0x08006b02                HAL_RTC_GetDate
 .text.HAL_RTC_WaitForSynchro
                0x08006ba0       0x4c ./Drivers/STM32F4xx_HAL_Driver/Src/stm32f4xx_hal_rtc.o
                0x08006ba0                HAL_RTC_WaitForSynchro
 .text.RTC_EnterInitMode
                0x08006bec       0x6e ./Drivers/STM32F4xx_HAL_Driver/Src/stm32f4xx_hal_rtc.o
                0x08006bec                RTC_EnterInitMode
 .text.RTC_ExitInitMode
                0x08006c5a       0x4a ./Drivers/STM32F4xx_HAL_Driver/Src/stm32f4xx_hal_rtc.o
                0x08006c5a                RTC_ExitInitMode
 .text.RTC_ByteToBcd2
                0x08006ca4       0x3c ./Drivers/STM32F4xx_HAL_Driver/Src/stm32f4xx_hal_rtc.o
                0x08006ca4                RTC_ByteToBcd2
 .text.RTC_Bcd2ToByte
                0x08006ce0       0x3c ./Drivers/STM32F4xx_HAL_Driver/Src/stm32f4xx_hal_rtc.o
                0x08006ce0                RTC_Bcd2ToByte
 .text.HAL_RTCEx_SetWakeUpTimer_IT
                0x08006d1c      0x184 ./Drivers/STM32F4xx_HAL_Driver/Src/stm32f4xx_hal_rtc_ex.o
                0x08006d1c                HAL_RTCEx_SetWakeUpTimer_IT
 .text.HAL_RTCEx_DeactivateWakeUpTimer
                0x08006ea0       0xb0 ./Drivers/STM32F4xx_HAL_Driver/Src/stm32f4xx_hal_rtc_ex.o
                0x08006ea0                HAL_RTCEx_DeactivateWakeUpTimer
 .text.HAL_RTCEx_WakeUpTimerIRQHandler
                0x08006f50       0x48 ./Drivers/STM32F4xx_HAL_Driver/Src/stm32f4xx_hal_rtc_ex.o
                0x08006f50                HAL_RTCEx_WakeUpTimerIRQHandler
 .text.HAL_SPI_Init
                0x08006f98      0x112 ./Drivers/STM32F4xx_HAL_Driver/Src/stm32f4xx_hal_spi.o
                0x08006f98                HAL_SPI_Init
 .text.HAL_SPI_Transmit
                0x080070aa      0x288 ./Drivers/STM32F4xx_HAL_Driver/Src/stm32f4xx_hal_spi.o
                0x080070aa                HAL_SPI_Transmit
 .text.HAL_SPI_TransmitReceive
                0x08007332      0x352 ./Drivers/STM32F4xx_HAL_Driver/Src/stm32f4xx_hal_spi.o
                0x08007332                HAL_SPI_TransmitReceive
 .text.SPI_WaitFlagStateUntilTimeout
                0x08007684      0x110 ./Drivers/STM32F4xx_HAL_Driver/Src/stm32f4xx_hal_spi.o
 .text.SPI_EndRxTxTransaction
                0x08007794       0xa8 ./Drivers/STM32F4xx_HAL_Driver/Src/stm32f4xx_hal_spi.o
 .text.HAL_TIM_Base_Init
                0x0800783c       0x9e ./Drivers/STM32F4xx_HAL_Driver/Src/stm32f4xx_hal_tim.o
                0x0800783c                HAL_TIM_Base_Init
 *fill*         0x080078da        0x2 
 .text.HAL_TIM_Base_Start_IT
                0x080078dc       0xc4 ./Drivers/STM32F4xx_HAL_Driver/Src/stm32f4xx_hal_tim.o
                0x080078dc                HAL_TIM_Base_Start_IT
 .text.HAL_TIM_IRQHandler
                0x080079a0      0x1e0 ./Drivers/STM32F4xx_HAL_Driver/Src/stm32f4xx_hal_tim.o
                0x080079a0                HAL_TIM_IRQHandler
 .text.HAL_TIM_ConfigClockSource
                0x08007b80      0x18e ./Drivers/STM32F4xx_HAL_Driver/Src/stm32f4xx_hal_tim.o
                0x08007b80                HAL_TIM_ConfigClockSource
 .text.HAL_TIM_OC_DelayElapsedCallback
                0x08007d0e       0x14 ./Drivers/STM32F4xx_HAL_Driver/Src/stm32f4xx_hal_tim.o
                0x08007d0e                HAL_TIM_OC_DelayElapsedCallback
 .text.HAL_TIM_IC_CaptureCallback
                0x08007d22       0x14 ./Drivers/STM32F4xx_HAL_Driver/Src/stm32f4xx_hal_tim.o
                0x08007d22                HAL_TIM_IC_CaptureCallback
 .text.HAL_TIM_PWM_PulseFinishedCallback
                0x08007d36       0x14 ./Drivers/STM32F4xx_HAL_Driver/Src/stm32f4xx_hal_tim.o
                0x08007d36                HAL_TIM_PWM_PulseFinishedCallback
 .text.HAL_TIM_TriggerCallback
                0x08007d4a       0x14 ./Drivers/STM32F4xx_HAL_Driver/Src/stm32f4xx_hal_tim.o
                0x08007d4a                HAL_TIM_TriggerCallback
 *fill*         0x08007d5e        0x2 
 .text.TIM_Base_SetConfig
                0x08007d60      0x118 ./Drivers/STM32F4xx_HAL_Driver/Src/stm32f4xx_hal_tim.o
                0x08007d60                TIM_Base_SetConfig
 .text.TIM_TI1_ConfigInputStage
                0x08007e78       0x5e ./Drivers/STM32F4xx_HAL_Driver/Src/stm32f4xx_hal_tim.o
 .text.TIM_TI2_ConfigInputStage
                0x08007ed6       0x60 ./Drivers/STM32F4xx_HAL_Driver/Src/stm32f4xx_hal_tim.o
 .text.TIM_ITRx_SetConfig
                0x08007f36       0x36 ./Drivers/STM32F4xx_HAL_Driver/Src/stm32f4xx_hal_tim.o
 .text.TIM_ETR_SetConfig
                0x08007f6c       0x40 ./Drivers/STM32F4xx_HAL_Driver/Src/stm32f4xx_hal_tim.o
                0x08007f6c                TIM_ETR_SetConfig
 .text.HAL_TIMEx_MasterConfigSynchronization
                0x08007fac       0xdc ./Drivers/STM32F4xx_HAL_Driver/Src/stm32f4xx_hal_tim_ex.o
                0x08007fac                HAL_TIMEx_MasterConfigSynchronization
 .text.HAL_TIMEx_CommutCallback
                0x08008088       0x14 ./Drivers/STM32F4xx_HAL_Driver/Src/stm32f4xx_hal_tim_ex.o
                0x08008088                HAL_TIMEx_CommutCallback
 .text.HAL_TIMEx_BreakCallback
                0x0800809c       0x14 ./Drivers/STM32F4xx_HAL_Driver/Src/stm32f4xx_hal_tim_ex.o
                0x0800809c                HAL_TIMEx_BreakCallback
 .text.HAL_UART_Init
                0x080080b0       0xa0 ./Drivers/STM32F4xx_HAL_Driver/Src/stm32f4xx_hal_uart.o
                0x080080b0                HAL_UART_Init
 .text.HAL_UART_Transmit
                0x08008150      0x116 ./Drivers/STM32F4xx_HAL_Driver/Src/stm32f4xx_hal_uart.o
                0x08008150                HAL_UART_Transmit
 .text.UART_WaitOnFlagUntilTimeout
                0x08008266       0xb2 ./Drivers/STM32F4xx_HAL_Driver/Src/stm32f4xx_hal_uart.o
 .text.UART_EndRxTransfer
                0x08008318       0xc6 ./Drivers/STM32F4xx_HAL_Driver/Src/stm32f4xx_hal_uart.o
 *fill*         0x080083de        0x2 
 .text.UART_SetConfig
                0x080083e0      0x4e8 ./Drivers/STM32F4xx_HAL_Driver/Src/stm32f4xx_hal_uart.o
 .text.MX_FATFS_Init
                0x080088c8       0x24 ./FATFS/App/fatfs.o
                0x080088c8                MX_FATFS_Init
 .text.get_fattime
                0x080088ec       0x10 ./FATFS/App/fatfs.o
                0x080088ec                get_fattime
 .text.SPI_TxRx
                0x080088fc       0x2c ./FATFS/Target/user_diskio.o
 .text.SD_SendCommand
                0x08008928       0x62 ./FATFS/Target/user_diskio.o
 *fill*         0x0800898a        0x2 
 .text.USER_initialize
                0x0800898c       0xac ./FATFS/Target/user_diskio.o
                0x0800898c                USER_initialize
 .text.USER_status
                0x08008a38       0x20 ./FATFS/Target/user_diskio.o
                0x08008a38                USER_status
 .text.USER_read
                0x08008a58       0x1e ./FATFS/Target/user_diskio.o
                0x08008a58                USER_read
 .text.USER_write
                0x08008a76       0x1e ./FATFS/Target/user_diskio.o
                0x08008a76                USER_write
 .text.USER_ioctl
                0x08008a94       0x60 ./FATFS/Target/user_diskio.o
                0x08008a94                USER_ioctl
 .text.disk_status
                0x08008af4       0x34 ./Middlewares/Third_Party/FatFs/src/diskio.o
                0x08008af4                disk_status
 .text.disk_initialize
                0x08008b28       0x50 ./Middlewares/Third_Party/FatFs/src/diskio.o
                0x08008b28                disk_initialize
 .text.disk_read
                0x08008b78       0x40 ./Middlewares/Third_Party/FatFs/src/diskio.o
                0x08008b78                disk_read
 .text.disk_write
                0x08008bb8       0x40 ./Middlewares/Third_Party/FatFs/src/diskio.o
                0x08008bb8                disk_write
 .text.disk_ioctl
                0x08008bf8       0x3c ./Middlewares/Third_Party/FatFs/src/diskio.o
                0x08008bf8                disk_ioctl
 .text.ld_word  0x08008c34       0x32 ./Middlewares/Third_Party/FatFs/src/ff.o
 .text.ld_dword
                0x08008c66       0x46 ./Middlewares/Third_Party/FatFs/src/ff.o
 .text.st_word  0x08008cac       0x36 ./Middlewares/Third_Party/FatFs/src/ff.o
 .text.st_dword
                0x08008ce2       0x58 ./Middlewares/Third_Party/FatFs/src/ff.o
 .text.mem_cpy  0x08008d3a       0x42 ./Middlewares/Third_Party/FatFs/src/ff.o
 .text.mem_set  0x08008d7c       0x36 ./Middlewares/Third_Party/FatFs/src/ff.o
 .text.mem_cmp  0x08008db2       0x4e ./Middlewares/Third_Party/FatFs/src/ff.o
 .text.chk_chr  0x08008e00       0x36 ./Middlewares/Third_Party/FatFs/src/ff.o
 *fill*         0x08008e36        0x2 
 .text.chk_lock
                0x08008e38       0xb8 ./Middlewares/Third_Party/FatFs/src/ff.o
 .text.enq_lock
                0x08008ef0       0x44 ./Middlewares/Third_Party/FatFs/src/ff.o
 .text.inc_lock
                0x08008f34      0x11c ./Middlewares/Third_Party/FatFs/src/ff.o
 .text.dec_lock
                0x08009050       0x78 ./Middlewares/Third_Party/FatFs/src/ff.o
 .text.clear_lock
                0x080090c8       0x48 ./Middlewares/Third_Party/FatFs/src/ff.o
 .text.sync_window
                0x08009110       0x88 ./Middlewares/Third_Party/FatFs/src/ff.o
 .text.move_window
                0x08009198       0x5a ./Middlewares/Third_Party/FatFs/src/ff.o
 *fill*         0x080091f2        0x2 
 .text.sync_fs  0x080091f4       0xdc ./Middlewares/Third_Party/FatFs/src/ff.o
 .text.clust2sect
                0x080092d0       0x3e ./Middlewares/Third_Party/FatFs/src/ff.o
 .text.get_fat  0x0800930e      0x14e ./Middlewares/Third_Party/FatFs/src/ff.o
 .text.put_fat  0x0800945c      0x1d4 ./Middlewares/Third_Party/FatFs/src/ff.o
 .text.remove_chain
                0x08009630       0xca ./Middlewares/Third_Party/FatFs/src/ff.o
 .text.create_chain
                0x080096fa      0x130 ./Middlewares/Third_Party/FatFs/src/ff.o
 .text.clmt_clust
                0x0800982a       0x68 ./Middlewares/Third_Party/FatFs/src/ff.o
 .text.dir_sdi  0x08009892       0xf6 ./Middlewares/Third_Party/FatFs/src/ff.o
 .text.dir_next
                0x08009988      0x18a ./Middlewares/Third_Party/FatFs/src/ff.o
 .text.dir_alloc
                0x08009b12       0x8e ./Middlewares/Third_Party/FatFs/src/ff.o
 .text.ld_clust
                0x08009ba0       0x3e ./Middlewares/Third_Party/FatFs/src/ff.o
 .text.st_clust
                0x08009bde       0x40 ./Middlewares/Third_Party/FatFs/src/ff.o
 .text.dir_find
                0x08009c1e       0xaa ./Middlewares/Third_Party/FatFs/src/ff.o
 .text.dir_register
                0x08009cc8       0x64 ./Middlewares/Third_Party/FatFs/src/ff.o
 .text.create_name
                0x08009d2c      0x128 ./Middlewares/Third_Party/FatFs/src/ff.o
 .text.follow_path
                0x08009e54       0xe2 ./Middlewares/Third_Party/FatFs/src/ff.o
 .text.get_ldnumber
                0x08009f36       0x88 ./Middlewares/Third_Party/FatFs/src/ff.o
 *fill*         0x08009fbe        0x2 
 .text.check_fs
                0x08009fc0       0xac ./Middlewares/Third_Party/FatFs/src/ff.o
 .text.find_volume
                0x0800a06c      0x498 ./Middlewares/Third_Party/FatFs/src/ff.o
 .text.validate
                0x0800a504       0x6a ./Middlewares/Third_Party/FatFs/src/ff.o
 *fill*         0x0800a56e        0x2 
 .text.f_mount  0x0800a570       0x8c ./Middlewares/Third_Party/FatFs/src/ff.o
                0x0800a570                f_mount
 .text.f_open   0x0800a5fc      0x374 ./Middlewares/Third_Party/FatFs/src/ff.o
                0x0800a5fc                f_open
 .text.f_write  0x0800a970      0x2ea ./Middlewares/Third_Party/FatFs/src/ff.o
                0x0800a970                f_write
 .text.f_sync   0x0800ac5a       0xfc ./Middlewares/Third_Party/FatFs/src/ff.o
                0x0800ac5a                f_sync
 .text.f_close  0x0800ad56       0x54 ./Middlewares/Third_Party/FatFs/src/ff.o
                0x0800ad56                f_close
 .text.f_lseek  0x0800adaa      0x412 ./Middlewares/Third_Party/FatFs/src/ff.o
                0x0800adaa                f_lseek
 .text.FATFS_LinkDriverEx
                0x0800b1bc       0x98 ./Middlewares/Third_Party/FatFs/src/ff_gen_drv.o
                0x0800b1bc                FATFS_LinkDriverEx
 .text.FATFS_LinkDriver
                0x0800b254       0x1e ./Middlewares/Third_Party/FatFs/src/ff_gen_drv.o
                0x0800b254                FATFS_LinkDriver
 .text.__cvt    0x0800b272       0xca C:/ST/STM32CubeIDE_1.18.1/STM32CubeIDE/plugins/com.st.stm32cube.ide.mcu.externaltools.gnu-tools-for-stm32.13.3.rel1.win32_1.0.0.202411081344/tools/bin/../lib/gcc/arm-none-eabi/13.3.1/../../../../arm-none-eabi/lib/thumb/v7e-m+fp/hard\libc_nano.a(libc_a-nano-vfprintf_float.o)
                0x0800b272                __cvt
 .text.__exponent
                0x0800b33c       0x74 C:/ST/STM32CubeIDE_1.18.1/STM32CubeIDE/plugins/com.st.stm32cube.ide.mcu.externaltools.gnu-tools-for-stm32.13.3.rel1.win32_1.0.0.202411081344/tools/bin/../lib/gcc/arm-none-eabi/13.3.1/../../../../arm-none-eabi/lib/thumb/v7e-m+fp/hard\libc_nano.a(libc_a-nano-vfprintf_float.o)
                0x0800b33c                __exponent
 .text._printf_float
                0x0800b3b0      0x454 C:/ST/STM32CubeIDE_1.18.1/STM32CubeIDE/plugins/com.st.stm32cube.ide.mcu.externaltools.gnu-tools-for-stm32.13.3.rel1.win32_1.0.0.202411081344/tools/bin/../lib/gcc/arm-none-eabi/13.3.1/../../../../arm-none-eabi/lib/thumb/v7e-m+fp/hard\libc_nano.a(libc_a-nano-vfprintf_float.o)
                0x0800b3b0                _printf_float
 .text._printf_common
                0x0800b804       0xda C:/ST/STM32CubeIDE_1.18.1/STM32CubeIDE/plugins/com.st.stm32cube.ide.mcu.externaltools.gnu-tools-for-stm32.13.3.rel1.win32_1.0.0.202411081344/tools/bin/../lib/gcc/arm-none-eabi/13.3.1/../../../../arm-none-eabi/lib/thumb/v7e-m+fp/hard\libc_nano.a(libc_a-nano-vfprintf_i.o)
                0x0800b804                _printf_common
 *fill*         0x0800b8de        0x2 
 .text._printf_i
                0x0800b8e0      0x23c C:/ST/STM32CubeIDE_1.18.1/STM32CubeIDE/plugins/com.st.stm32cube.ide.mcu.externaltools.gnu-tools-for-stm32.13.3.rel1.win32_1.0.0.202411081344/tools/bin/../lib/gcc/arm-none-eabi/13.3.1/../../../../arm-none-eabi/lib/thumb/v7e-m+fp/hard\libc_nano.a(libc_a-nano-vfprintf_i.o)
                0x0800b8e0                _printf_i
 .text.std      0x0800bb1c       0x6c C:/ST/STM32CubeIDE_1.18.1/STM32CubeIDE/plugins/com.st.stm32cube.ide.mcu.externaltools.gnu-tools-for-stm32.13.3.rel1.win32_1.0.0.202411081344/tools/bin/../lib/gcc/arm-none-eabi/13.3.1/../../../../arm-none-eabi/lib/thumb/v7e-m+fp/hard\libc_nano.a(libc_a-findfp.o)
 .text.stdio_exit_handler
                0x0800bb88       0x18 C:/ST/STM32CubeIDE_1.18.1/STM32CubeIDE/plugins/com.st.stm32cube.ide.mcu.externaltools.gnu-tools-for-stm32.13.3.rel1.win32_1.0.0.202411081344/tools/bin/../lib/gcc/arm-none-eabi/13.3.1/../../../../arm-none-eabi/lib/thumb/v7e-m+fp/hard\libc_nano.a(libc_a-findfp.o)
 .text.cleanup_stdio
                0x0800bba0       0x40 C:/ST/STM32CubeIDE_1.18.1/STM32CubeIDE/plugins/com.st.stm32cube.ide.mcu.externaltools.gnu-tools-for-stm32.13.3.rel1.win32_1.0.0.202411081344/tools/bin/../lib/gcc/arm-none-eabi/13.3.1/../../../../arm-none-eabi/lib/thumb/v7e-m+fp/hard\libc_nano.a(libc_a-findfp.o)
 .text.global_stdio_init.part.0
                0x0800bbe0       0x3c C:/ST/STM32CubeIDE_1.18.1/STM32CubeIDE/plugins/com.st.stm32cube.ide.mcu.externaltools.gnu-tools-for-stm32.13.3.rel1.win32_1.0.0.202411081344/tools/bin/../lib/gcc/arm-none-eabi/13.3.1/../../../../arm-none-eabi/lib/thumb/v7e-m+fp/hard\libc_nano.a(libc_a-findfp.o)
 .text.__sfp_lock_acquire
                0x0800bc1c        0xc C:/ST/STM32CubeIDE_1.18.1/STM32CubeIDE/plugins/com.st.stm32cube.ide.mcu.externaltools.gnu-tools-for-stm32.13.3.rel1.win32_1.0.0.202411081344/tools/bin/../lib/gcc/arm-none-eabi/13.3.1/../../../../arm-none-eabi/lib/thumb/v7e-m+fp/hard\libc_nano.a(libc_a-findfp.o)
                0x0800bc1c                __sfp_lock_acquire
 .text.__sfp_lock_release
                0x0800bc28        0xc C:/ST/STM32CubeIDE_1.18.1/STM32CubeIDE/plugins/com.st.stm32cube.ide.mcu.externaltools.gnu-tools-for-stm32.13.3.rel1.win32_1.0.0.202411081344/tools/bin/../lib/gcc/arm-none-eabi/13.3.1/../../../../arm-none-eabi/lib/thumb/v7e-m+fp/hard\libc_nano.a(libc_a-findfp.o)
                0x0800bc28                __sfp_lock_release
 .text.__sinit  0x0800bc34       0x30 C:/ST/STM32CubeIDE_1.18.1/STM32CubeIDE/plugins/com.st.stm32cube.ide.mcu.externaltools.gnu-tools-for-stm32.13.3.rel1.win32_1.0.0.202411081344/tools/bin/../lib/gcc/arm-none-eabi/13.3.1/../../../../arm-none-eabi/lib/thumb/v7e-m+fp/hard\libc_nano.a(libc_a-findfp.o)
                0x0800bc34                __sinit
 .text._fwalk_sglue
                0x0800bc64       0x3c C:/ST/STM32CubeIDE_1.18.1/STM32CubeIDE/plugins/com.st.stm32cube.ide.mcu.externaltools.gnu-tools-for-stm32.13.3.rel1.win32_1.0.0.202411081344/tools/bin/../lib/gcc/arm-none-eabi/13.3.1/../../../../arm-none-eabi/lib/thumb/v7e-m+fp/hard\libc_nano.a(libc_a-fwalk.o)
                0x0800bc64                _fwalk_sglue
 .text.sprintf  0x0800bca0       0x44 C:/ST/STM32CubeIDE_1.18.1/STM32CubeIDE/plugins/com.st.stm32cube.ide.mcu.externaltools.gnu-tools-for-stm32.13.3.rel1.win32_1.0.0.202411081344/tools/bin/../lib/gcc/arm-none-eabi/13.3.1/../../../../arm-none-eabi/lib/thumb/v7e-m+fp/hard\libc_nano.a(libc_a-sprintf.o)
                0x0800bca0                siprintf
                0x0800bca0                sprintf
 .text.__sread  0x0800bce4       0x22 C:/ST/STM32CubeIDE_1.18.1/STM32CubeIDE/plugins/com.st.stm32cube.ide.mcu.externaltools.gnu-tools-for-stm32.13.3.rel1.win32_1.0.0.202411081344/tools/bin/../lib/gcc/arm-none-eabi/13.3.1/../../../../arm-none-eabi/lib/thumb/v7e-m+fp/hard\libc_nano.a(libc_a-stdio.o)
                0x0800bce4                __sread
 .text.__swrite
                0x0800bd06       0x38 C:/ST/STM32CubeIDE_1.18.1/STM32CubeIDE/plugins/com.st.stm32cube.ide.mcu.externaltools.gnu-tools-for-stm32.13.3.rel1.win32_1.0.0.202411081344/tools/bin/../lib/gcc/arm-none-eabi/13.3.1/../../../../arm-none-eabi/lib/thumb/v7e-m+fp/hard\libc_nano.a(libc_a-stdio.o)
                0x0800bd06                __swrite
 .text.__sseek  0x0800bd3e       0x24 C:/ST/STM32CubeIDE_1.18.1/STM32CubeIDE/plugins/com.st.stm32cube.ide.mcu.externaltools.gnu-tools-for-stm32.13.3.rel1.win32_1.0.0.202411081344/tools/bin/../lib/gcc/arm-none-eabi/13.3.1/../../../../arm-none-eabi/lib/thumb/v7e-m+fp/hard\libc_nano.a(libc_a-stdio.o)
                0x0800bd3e                __sseek
 .text.__sclose
                0x0800bd62        0x8 C:/ST/STM32CubeIDE_1.18.1/STM32CubeIDE/plugins/com.st.stm32cube.ide.mcu.externaltools.gnu-tools-for-stm32.13.3.rel1.win32_1.0.0.202411081344/tools/bin/../lib/gcc/arm-none-eabi/13.3.1/../../../../arm-none-eabi/lib/thumb/v7e-m+fp/hard\libc_nano.a(libc_a-stdio.o)
                0x0800bd62                __sclose
 .text.memset   0x0800bd6a       0x10 C:/ST/STM32CubeIDE_1.18.1/STM32CubeIDE/plugins/com.st.stm32cube.ide.mcu.externaltools.gnu-tools-for-stm32.13.3.rel1.win32_1.0.0.202411081344/tools/bin/../lib/gcc/arm-none-eabi/13.3.1/../../../../arm-none-eabi/lib/thumb/v7e-m+fp/hard\libc_nano.a(libc_a-memset.o)
                0x0800bd6a                memset
 *fill*         0x0800bd7a        0x2 
 .text._localeconv_r
                0x0800bd7c        0x8 C:/ST/STM32CubeIDE_1.18.1/STM32CubeIDE/plugins/com.st.stm32cube.ide.mcu.externaltools.gnu-tools-for-stm32.13.3.rel1.win32_1.0.0.202411081344/tools/bin/../lib/gcc/arm-none-eabi/13.3.1/../../../../arm-none-eabi/lib/thumb/v7e-m+fp/hard\libc_nano.a(libc_a-localeconv.o)
                0x0800bd7c                _localeconv_r
 .text._close_r
                0x0800bd84       0x20 C:/ST/STM32CubeIDE_1.18.1/STM32CubeIDE/plugins/com.st.stm32cube.ide.mcu.externaltools.gnu-tools-for-stm32.13.3.rel1.win32_1.0.0.202411081344/tools/bin/../lib/gcc/arm-none-eabi/13.3.1/../../../../arm-none-eabi/lib/thumb/v7e-m+fp/hard\libc_nano.a(libc_a-closer.o)
                0x0800bd84                _close_r
 .text._lseek_r
                0x0800bda4       0x24 C:/ST/STM32CubeIDE_1.18.1/STM32CubeIDE/plugins/com.st.stm32cube.ide.mcu.externaltools.gnu-tools-for-stm32.13.3.rel1.win32_1.0.0.202411081344/tools/bin/../lib/gcc/arm-none-eabi/13.3.1/../../../../arm-none-eabi/lib/thumb/v7e-m+fp/hard\libc_nano.a(libc_a-lseekr.o)
                0x0800bda4                _lseek_r
 .text._read_r  0x0800bdc8       0x24 C:/ST/STM32CubeIDE_1.18.1/STM32CubeIDE/plugins/com.st.stm32cube.ide.mcu.externaltools.gnu-tools-for-stm32.13.3.rel1.win32_1.0.0.202411081344/tools/bin/../lib/gcc/arm-none-eabi/13.3.1/../../../../arm-none-eabi/lib/thumb/v7e-m+fp/hard\libc_nano.a(libc_a-readr.o)
                0x0800bdc8                _read_r
 .text._write_r
                0x0800bdec       0x24 C:/ST/STM32CubeIDE_1.18.1/STM32CubeIDE/plugins/com.st.stm32cube.ide.mcu.externaltools.gnu-tools-for-stm32.13.3.rel1.win32_1.0.0.202411081344/tools/bin/../lib/gcc/arm-none-eabi/13.3.1/../../../../arm-none-eabi/lib/thumb/v7e-m+fp/hard\libc_nano.a(libc_a-writer.o)
                0x0800bdec                _write_r
 .text.__errno  0x0800be10        0xc C:/ST/STM32CubeIDE_1.18.1/STM32CubeIDE/plugins/com.st.stm32cube.ide.mcu.externaltools.gnu-tools-for-stm32.13.3.rel1.win32_1.0.0.202411081344/tools/bin/../lib/gcc/arm-none-eabi/13.3.1/../../../../arm-none-eabi/lib/thumb/v7e-m+fp/hard\libc_nano.a(libc_a-errno.o)
                0x0800be10                __errno
 .text.__libc_init_array
                0x0800be1c       0x48 C:/ST/STM32CubeIDE_1.18.1/STM32CubeIDE/plugins/com.st.stm32cube.ide.mcu.externaltools.gnu-tools-for-stm32.13.3.rel1.win32_1.0.0.202411081344/tools/bin/../lib/gcc/arm-none-eabi/13.3.1/../../../../arm-none-eabi/lib/thumb/v7e-m+fp/hard\libc_nano.a(libc_a-init.o)
                0x0800be1c                __libc_init_array
 .text.__retarget_lock_init_recursive
                0x0800be64        0x2 C:/ST/STM32CubeIDE_1.18.1/STM32CubeIDE/plugins/com.st.stm32cube.ide.mcu.externaltools.gnu-tools-for-stm32.13.3.rel1.win32_1.0.0.202411081344/tools/bin/../lib/gcc/arm-none-eabi/13.3.1/../../../../arm-none-eabi/lib/thumb/v7e-m+fp/hard\libc_nano.a(libc_a-lock.o)
                0x0800be64                __retarget_lock_init_recursive
 .text.__retarget_lock_acquire_recursive
                0x0800be66        0x2 C:/ST/STM32CubeIDE_1.18.1/STM32CubeIDE/plugins/com.st.stm32cube.ide.mcu.externaltools.gnu-tools-for-stm32.13.3.rel1.win32_1.0.0.202411081344/tools/bin/../lib/gcc/arm-none-eabi/13.3.1/../../../../arm-none-eabi/lib/thumb/v7e-m+fp/hard\libc_nano.a(libc_a-lock.o)
                0x0800be66                __retarget_lock_acquire_recursive
 .text.__retarget_lock_release_recursive
                0x0800be68        0x2 C:/ST/STM32CubeIDE_1.18.1/STM32CubeIDE/plugins/com.st.stm32cube.ide.mcu.externaltools.gnu-tools-for-stm32.13.3.rel1.win32_1.0.0.202411081344/tools/bin/../lib/gcc/arm-none-eabi/13.3.1/../../../../arm-none-eabi/lib/thumb/v7e-m+fp/hard\libc_nano.a(libc_a-lock.o)
                0x0800be68                __retarget_lock_release_recursive
 .text.quorem   0x0800be6a      0x110 C:/ST/STM32CubeIDE_1.18.1/STM32CubeIDE/plugins/com.st.stm32cube.ide.mcu.externaltools.gnu-tools-for-stm32.13.3.rel1.win32_1.0.0.202411081344/tools/bin/../lib/gcc/arm-none-eabi/13.3.1/../../../../arm-none-eabi/lib/thumb/v7e-m+fp/hard\libc_nano.a(libc_a-dtoa.o)
 *fill*         0x0800bf7a        0x6 
 .text._dtoa_r  0x0800bf80      0xba0 C:/ST/STM32CubeIDE_1.18.1/STM32CubeIDE/plugins/com.st.stm32cube.ide.mcu.externaltools.gnu-tools-for-stm32.13.3.rel1.win32_1.0.0.202411081344/tools/bin/../lib/gcc/arm-none-eabi/13.3.1/../../../../arm-none-eabi/lib/thumb/v7e-m+fp/hard\libc_nano.a(libc_a-dtoa.o)
                0x0800bf80                _dtoa_r
 .text._free_r  0x0800cb20       0x94 C:/ST/STM32CubeIDE_1.18.1/STM32CubeIDE/plugins/com.st.stm32cube.ide.mcu.externaltools.gnu-tools-for-stm32.13.3.rel1.win32_1.0.0.202411081344/tools/bin/../lib/gcc/arm-none-eabi/13.3.1/../../../../arm-none-eabi/lib/thumb/v7e-m+fp/hard\libc_nano.a(libc_a-freer.o)
                0x0800cb20                _free_r
 .text.malloc   0x0800cbb4       0x10 C:/ST/STM32CubeIDE_1.18.1/STM32CubeIDE/plugins/com.st.stm32cube.ide.mcu.externaltools.gnu-tools-for-stm32.13.3.rel1.win32_1.0.0.202411081344/tools/bin/../lib/gcc/arm-none-eabi/13.3.1/../../../../arm-none-eabi/lib/thumb/v7e-m+fp/hard\libc_nano.a(libc_a-malloc.o)
                0x0800cbb4                malloc
 .text.sbrk_aligned
                0x0800cbc4       0x44 C:/ST/STM32CubeIDE_1.18.1/STM32CubeIDE/plugins/com.st.stm32cube.ide.mcu.externaltools.gnu-tools-for-stm32.13.3.rel1.win32_1.0.0.202411081344/tools/bin/../lib/gcc/arm-none-eabi/13.3.1/../../../../arm-none-eabi/lib/thumb/v7e-m+fp/hard\libc_nano.a(libc_a-mallocr.o)
 .text._malloc_r
                0x0800cc08      0x100 C:/ST/STM32CubeIDE_1.18.1/STM32CubeIDE/plugins/com.st.stm32cube.ide.mcu.externaltools.gnu-tools-for-stm32.13.3.rel1.win32_1.0.0.202411081344/tools/bin/../lib/gcc/arm-none-eabi/13.3.1/../../../../arm-none-eabi/lib/thumb/v7e-m+fp/hard\libc_nano.a(libc_a-mallocr.o)
                0x0800cc08                _malloc_r
 .text.__malloc_lock
                0x0800cd08        0xc C:/ST/STM32CubeIDE_1.18.1/STM32CubeIDE/plugins/com.st.stm32cube.ide.mcu.externaltools.gnu-tools-for-stm32.13.3.rel1.win32_1.0.0.202411081344/tools/bin/../lib/gcc/arm-none-eabi/13.3.1/../../../../arm-none-eabi/lib/thumb/v7e-m+fp/hard\libc_nano.a(libc_a-mlock.o)
                0x0800cd08                __malloc_lock
 .text.__malloc_unlock
                0x0800cd14        0xc C:/ST/STM32CubeIDE_1.18.1/STM32CubeIDE/plugins/com.st.stm32cube.ide.mcu.externaltools.gnu-tools-for-stm32.13.3.rel1.win32_1.0.0.202411081344/tools/bin/../lib/gcc/arm-none-eabi/13.3.1/../../../../arm-none-eabi/lib/thumb/v7e-m+fp/hard\libc_nano.a(libc_a-mlock.o)
                0x0800cd14                __malloc_unlock
 .text._Balloc  0x0800cd20       0x80 C:/ST/STM32CubeIDE_1.18.1/STM32CubeIDE/plugins/com.st.stm32cube.ide.mcu.externaltools.gnu-tools-for-stm32.13.3.rel1.win32_1.0.0.202411081344/tools/bin/../lib/gcc/arm-none-eabi/13.3.1/../../../../arm-none-eabi/lib/thumb/v7e-m+fp/hard\libc_nano.a(libc_a-mprec.o)
                0x0800cd20                _Balloc
 .text._Bfree   0x0800cda0       0x44 C:/ST/STM32CubeIDE_1.18.1/STM32CubeIDE/plugins/com.st.stm32cube.ide.mcu.externaltools.gnu-tools-for-stm32.13.3.rel1.win32_1.0.0.202411081344/tools/bin/../lib/gcc/arm-none-eabi/13.3.1/../../../../arm-none-eabi/lib/thumb/v7e-m+fp/hard\libc_nano.a(libc_a-mprec.o)
                0x0800cda0                _Bfree
 .text.__multadd
                0x0800cde4       0x8c C:/ST/STM32CubeIDE_1.18.1/STM32CubeIDE/plugins/com.st.stm32cube.ide.mcu.externaltools.gnu-tools-for-stm32.13.3.rel1.win32_1.0.0.202411081344/tools/bin/../lib/gcc/arm-none-eabi/13.3.1/../../../../arm-none-eabi/lib/thumb/v7e-m+fp/hard\libc_nano.a(libc_a-mprec.o)
                0x0800cde4                __multadd
 .text.__hi0bits
                0x0800ce70       0x3e C:/ST/STM32CubeIDE_1.18.1/STM32CubeIDE/plugins/com.st.stm32cube.ide.mcu.externaltools.gnu-tools-for-stm32.13.3.rel1.win32_1.0.0.202411081344/tools/bin/../lib/gcc/arm-none-eabi/13.3.1/../../../../arm-none-eabi/lib/thumb/v7e-m+fp/hard\libc_nano.a(libc_a-mprec.o)
                0x0800ce70                __hi0bits
 .text.__lo0bits
                0x0800ceae       0x5a C:/ST/STM32CubeIDE_1.18.1/STM32CubeIDE/plugins/com.st.stm32cube.ide.mcu.externaltools.gnu-tools-for-stm32.13.3.rel1.win32_1.0.0.202411081344/tools/bin/../lib/gcc/arm-none-eabi/13.3.1/../../../../arm-none-eabi/lib/thumb/v7e-m+fp/hard\libc_nano.a(libc_a-mprec.o)
                0x0800ceae                __lo0bits
 .text.__i2b    0x0800cf08       0x2c C:/ST/STM32CubeIDE_1.18.1/STM32CubeIDE/plugins/com.st.stm32cube.ide.mcu.externaltools.gnu-tools-for-stm32.13.3.rel1.win32_1.0.0.202411081344/tools/bin/../lib/gcc/arm-none-eabi/13.3.1/../../../../arm-none-eabi/lib/thumb/v7e-m+fp/hard\libc_nano.a(libc_a-mprec.o)
                0x0800cf08                __i2b
 .text.__multiply
                0x0800cf34      0x144 C:/ST/STM32CubeIDE_1.18.1/STM32CubeIDE/plugins/com.st.stm32cube.ide.mcu.externaltools.gnu-tools-for-stm32.13.3.rel1.win32_1.0.0.202411081344/tools/bin/../lib/gcc/arm-none-eabi/13.3.1/../../../../arm-none-eabi/lib/thumb/v7e-m+fp/hard\libc_nano.a(libc_a-mprec.o)
                0x0800cf34                __multiply
 .text.__pow5mult
                0x0800d078       0xb4 C:/ST/STM32CubeIDE_1.18.1/STM32CubeIDE/plugins/com.st.stm32cube.ide.mcu.externaltools.gnu-tools-for-stm32.13.3.rel1.win32_1.0.0.202411081344/tools/bin/../lib/gcc/arm-none-eabi/13.3.1/../../../../arm-none-eabi/lib/thumb/v7e-m+fp/hard\libc_nano.a(libc_a-mprec.o)
                0x0800d078                __pow5mult
 .text.__lshift
                0x0800d12c       0xd8 C:/ST/STM32CubeIDE_1.18.1/STM32CubeIDE/plugins/com.st.stm32cube.ide.mcu.externaltools.gnu-tools-for-stm32.13.3.rel1.win32_1.0.0.202411081344/tools/bin/../lib/gcc/arm-none-eabi/13.3.1/../../../../arm-none-eabi/lib/thumb/v7e-m+fp/hard\libc_nano.a(libc_a-mprec.o)
                0x0800d12c                __lshift
 .text.__mcmp   0x0800d204       0x36 C:/ST/STM32CubeIDE_1.18.1/STM32CubeIDE/plugins/com.st.stm32cube.ide.mcu.externaltools.gnu-tools-for-stm32.13.3.rel1.win32_1.0.0.202411081344/tools/bin/../lib/gcc/arm-none-eabi/13.3.1/../../../../arm-none-eabi/lib/thumb/v7e-m+fp/hard\libc_nano.a(libc_a-mprec.o)
                0x0800d204                __mcmp
 *fill*         0x0800d23a        0x2 
 .text.__mdiff  0x0800d23c      0x128 C:/ST/STM32CubeIDE_1.18.1/STM32CubeIDE/plugins/com.st.stm32cube.ide.mcu.externaltools.gnu-tools-for-stm32.13.3.rel1.win32_1.0.0.202411081344/tools/bin/../lib/gcc/arm-none-eabi/13.3.1/../../../../arm-none-eabi/lib/thumb/v7e-m+fp/hard\libc_nano.a(libc_a-mprec.o)
                0x0800d23c                __mdiff
 .text.__d2b    0x0800d364       0xb0 C:/ST/STM32CubeIDE_1.18.1/STM32CubeIDE/plugins/com.st.stm32cube.ide.mcu.externaltools.gnu-tools-for-stm32.13.3.rel1.win32_1.0.0.202411081344/tools/bin/../lib/gcc/arm-none-eabi/13.3.1/../../../../arm-none-eabi/lib/thumb/v7e-m+fp/hard\libc_nano.a(libc_a-mprec.o)
                0x0800d364                __d2b
 .text.__ssputs_r
                0x0800d414       0xb6 C:/ST/STM32CubeIDE_1.18.1/STM32CubeIDE/plugins/com.st.stm32cube.ide.mcu.externaltools.gnu-tools-for-stm32.13.3.rel1.win32_1.0.0.202411081344/tools/bin/../lib/gcc/arm-none-eabi/13.3.1/../../../../arm-none-eabi/lib/thumb/v7e-m+fp/hard\libc_nano.a(libc_a-nano-svfprintf.o)
                0x0800d414                __ssputs_r
 *fill*         0x0800d4ca        0x2 
 .text._svfprintf_r
                0x0800d4cc      0x1f8 C:/ST/STM32CubeIDE_1.18.1/STM32CubeIDE/plugins/com.st.stm32cube.ide.mcu.externaltools.gnu-tools-for-stm32.13.3.rel1.win32_1.0.0.202411081344/tools/bin/../lib/gcc/arm-none-eabi/13.3.1/../../../../arm-none-eabi/lib/thumb/v7e-m+fp/hard\libc_nano.a(libc_a-nano-svfprintf.o)
                0x0800d4cc                _svfiprintf_r
                0x0800d4cc                _svfprintf_r
 .text.__sflush_r
                0x0800d6c4      0x108 C:/ST/STM32CubeIDE_1.18.1/STM32CubeIDE/plugins/com.st.stm32cube.ide.mcu.externaltools.gnu-tools-for-stm32.13.3.rel1.win32_1.0.0.202411081344/tools/bin/../lib/gcc/arm-none-eabi/13.3.1/../../../../arm-none-eabi/lib/thumb/v7e-m+fp/hard\libc_nano.a(libc_a-fflush.o)
                0x0800d6c4                __sflush_r
 .text._fflush_r
                0x0800d7cc       0x50 C:/ST/STM32CubeIDE_1.18.1/STM32CubeIDE/plugins/com.st.stm32cube.ide.mcu.externaltools.gnu-tools-for-stm32.13.3.rel1.win32_1.0.0.202411081344/tools/bin/../lib/gcc/arm-none-eabi/13.3.1/../../../../arm-none-eabi/lib/thumb/v7e-m+fp/hard\libc_nano.a(libc_a-fflush.o)
                0x0800d7cc                _fflush_r
 .text.memmove  0x0800d81c       0x34 C:/ST/STM32CubeIDE_1.18.1/STM32CubeIDE/plugins/com.st.stm32cube.ide.mcu.externaltools.gnu-tools-for-stm32.13.3.rel1.win32_1.0.0.202411081344/tools/bin/../lib/gcc/arm-none-eabi/13.3.1/../../../../arm-none-eabi/lib/thumb/v7e-m+fp/hard\libc_nano.a(libc_a-memmove.o)
                0x0800d81c                memmove
 .text._sbrk_r  0x0800d850       0x20 C:/ST/STM32CubeIDE_1.18.1/STM32CubeIDE/plugins/com.st.stm32cube.ide.mcu.externaltools.gnu-tools-for-stm32.13.3.rel1.win32_1.0.0.202411081344/tools/bin/../lib/gcc/arm-none-eabi/13.3.1/../../../../arm-none-eabi/lib/thumb/v7e-m+fp/hard\libc_nano.a(libc_a-sbrkr.o)
                0x0800d850                _sbrk_r
 .text.memcpy   0x0800d870       0x1c C:/ST/STM32CubeIDE_1.18.1/STM32CubeIDE/plugins/com.st.stm32cube.ide.mcu.externaltools.gnu-tools-for-stm32.13.3.rel1.win32_1.0.0.202411081344/tools/bin/../lib/gcc/arm-none-eabi/13.3.1/../../../../arm-none-eabi/lib/thumb/v7e-m+fp/hard\libc_nano.a(libc_a-memcpy-stub.o)
                0x0800d870                memcpy
 .text.__assert_func
                0x0800d88c       0x3c C:/ST/STM32CubeIDE_1.18.1/STM32CubeIDE/plugins/com.st.stm32cube.ide.mcu.externaltools.gnu-tools-for-stm32.13.3.rel1.win32_1.0.0.202411081344/tools/bin/../lib/gcc/arm-none-eabi/13.3.1/../../../../arm-none-eabi/lib/thumb/v7e-m+fp/hard\libc_nano.a(libc_a-assert.o)
                0x0800d88c                __assert_func
 .text._calloc_r
                0x0800d8c8       0x28 C:/ST/STM32CubeIDE_1.18.1/STM32CubeIDE/plugins/com.st.stm32cube.ide.mcu.externaltools.gnu-tools-for-stm32.13.3.rel1.win32_1.0.0.202411081344/tools/bin/../lib/gcc/arm-none-eabi/13.3.1/../../../../arm-none-eabi/lib/thumb/v7e-m+fp/hard\libc_nano.a(libc_a-callocr.o)
                0x0800d8c8                _calloc_r
 .text.__ascii_mbtowc
                0x0800d8f0       0x24 C:/ST/STM32CubeIDE_1.18.1/STM32CubeIDE/plugins/com.st.stm32cube.ide.mcu.externaltools.gnu-tools-for-stm32.13.3.rel1.win32_1.0.0.202411081344/tools/bin/../lib/gcc/arm-none-eabi/13.3.1/../../../../arm-none-eabi/lib/thumb/v7e-m+fp/hard\libc_nano.a(libc_a-mbtowc_r.o)
                0x0800d8f0                __ascii_mbtowc
 .text._realloc_r
                0x0800d914       0x5c C:/ST/STM32CubeIDE_1.18.1/STM32CubeIDE/plugins/com.st.stm32cube.ide.mcu.externaltools.gnu-tools-for-stm32.13.3.rel1.win32_1.0.0.202411081344/tools/bin/../lib/gcc/arm-none-eabi/13.3.1/../../../../arm-none-eabi/lib/thumb/v7e-m+fp/hard\libc_nano.a(libc_a-reallocr.o)
                0x0800d914                _realloc_r
 .text.__ascii_wctomb
                0x0800d970       0x1a C:/ST/STM32CubeIDE_1.18.1/STM32CubeIDE/plugins/com.st.stm32cube.ide.mcu.externaltools.gnu-tools-for-stm32.13.3.rel1.win32_1.0.0.202411081344/tools/bin/../lib/gcc/arm-none-eabi/13.3.1/../../../../arm-none-eabi/lib/thumb/v7e-m+fp/hard\libc_nano.a(libc_a-wctomb_r.o)
                0x0800d970                __ascii_wctomb
 *fill*         0x0800d98a        0x2 
 .text.fprintf  0x0800d98c       0x24 C:/ST/STM32CubeIDE_1.18.1/STM32CubeIDE/plugins/com.st.stm32cube.ide.mcu.externaltools.gnu-tools-for-stm32.13.3.rel1.win32_1.0.0.202411081344/tools/bin/../lib/gcc/arm-none-eabi/13.3.1/../../../../arm-none-eabi/lib/thumb/v7e-m+fp/hard\libc_nano.a(libc_a-fprintf.o)
                0x0800d98c                fiprintf
                0x0800d98c                fprintf
 .text.abort    0x0800d9b0        0xe C:/ST/STM32CubeIDE_1.18.1/STM32CubeIDE/plugins/com.st.stm32cube.ide.mcu.externaltools.gnu-tools-for-stm32.13.3.rel1.win32_1.0.0.202411081344/tools/bin/../lib/gcc/arm-none-eabi/13.3.1/../../../../arm-none-eabi/lib/thumb/v7e-m+fp/hard\libc_nano.a(libc_a-abort.o)
                0x0800d9b0                abort
 .text._malloc_usable_size_r
                0x0800d9be       0x10 C:/ST/STM32CubeIDE_1.18.1/STM32CubeIDE/plugins/com.st.stm32cube.ide.mcu.externaltools.gnu-tools-for-stm32.13.3.rel1.win32_1.0.0.202411081344/tools/bin/../lib/gcc/arm-none-eabi/13.3.1/../../../../arm-none-eabi/lib/thumb/v7e-m+fp/hard\libc_nano.a(libc_a-msizer.o)
                0x0800d9be                _malloc_usable_size_r
 .text.__sfputc_r
                0x0800d9ce       0x2e C:/ST/STM32CubeIDE_1.18.1/STM32CubeIDE/plugins/com.st.stm32cube.ide.mcu.externaltools.gnu-tools-for-stm32.13.3.rel1.win32_1.0.0.202411081344/tools/bin/../lib/gcc/arm-none-eabi/13.3.1/../../../../arm-none-eabi/lib/thumb/v7e-m+fp/hard\libc_nano.a(libc_a-nano-vfprintf.o)
 .text.__sfputs_r
                0x0800d9fc       0x24 C:/ST/STM32CubeIDE_1.18.1/STM32CubeIDE/plugins/com.st.stm32cube.ide.mcu.externaltools.gnu-tools-for-stm32.13.3.rel1.win32_1.0.0.202411081344/tools/bin/../lib/gcc/arm-none-eabi/13.3.1/../../../../arm-none-eabi/lib/thumb/v7e-m+fp/hard\libc_nano.a(libc_a-nano-vfprintf.o)
                0x0800d9fc                __sfputs_r
 .text._vfprintf_r
                0x0800da20      0x230 C:/ST/STM32CubeIDE_1.18.1/STM32CubeIDE/plugins/com.st.stm32cube.ide.mcu.externaltools.gnu-tools-for-stm32.13.3.rel1.win32_1.0.0.202411081344/tools/bin/../lib/gcc/arm-none-eabi/13.3.1/../../../../arm-none-eabi/lib/thumb/v7e-m+fp/hard\libc_nano.a(libc_a-nano-vfprintf.o)
                0x0800da20                _vfprintf_r
                0x0800da20                _vfiprintf_r
 .text.__swbuf_r
                0x0800dc50       0x7c C:/ST/STM32CubeIDE_1.18.1/STM32CubeIDE/plugins/com.st.stm32cube.ide.mcu.externaltools.gnu-tools-for-stm32.13.3.rel1.win32_1.0.0.202411081344/tools/bin/../lib/gcc/arm-none-eabi/13.3.1/../../../../arm-none-eabi/lib/thumb/v7e-m+fp/hard\libc_nano.a(libc_a-wbuf.o)
                0x0800dc50                __swbuf_r
 .text.__swsetup_r
                0x0800dccc       0xac C:/ST/STM32CubeIDE_1.18.1/STM32CubeIDE/plugins/com.st.stm32cube.ide.mcu.externaltools.gnu-tools-for-stm32.13.3.rel1.win32_1.0.0.202411081344/tools/bin/../lib/gcc/arm-none-eabi/13.3.1/../../../../arm-none-eabi/lib/thumb/v7e-m+fp/hard\libc_nano.a(libc_a-wsetup.o)
                0x0800dccc                __swsetup_r
 .text._raise_r
                0x0800dd78       0x50 C:/ST/STM32CubeIDE_1.18.1/STM32CubeIDE/plugins/com.st.stm32cube.ide.mcu.externaltools.gnu-tools-for-stm32.13.3.rel1.win32_1.0.0.202411081344/tools/bin/../lib/gcc/arm-none-eabi/13.3.1/../../../../arm-none-eabi/lib/thumb/v7e-m+fp/hard\libc_nano.a(libc_a-signal.o)
                0x0800dd78                _raise_r
 .text.raise    0x0800ddc8       0x10 C:/ST/STM32CubeIDE_1.18.1/STM32CubeIDE/plugins/com.st.stm32cube.ide.mcu.externaltools.gnu-tools-for-stm32.13.3.rel1.win32_1.0.0.202411081344/tools/bin/../lib/gcc/arm-none-eabi/13.3.1/../../../../arm-none-eabi/lib/thumb/v7e-m+fp/hard\libc_nano.a(libc_a-signal.o)
                0x0800ddc8                raise
 .text._kill_r  0x0800ddd8       0x24 C:/ST/STM32CubeIDE_1.18.1/STM32CubeIDE/plugins/com.st.stm32cube.ide.mcu.externaltools.gnu-tools-for-stm32.13.3.rel1.win32_1.0.0.202411081344/tools/bin/../lib/gcc/arm-none-eabi/13.3.1/../../../../arm-none-eabi/lib/thumb/v7e-m+fp/hard\libc_nano.a(libc_a-signalr.o)
                0x0800ddd8                _kill_r
 .text._getpid_r
                0x0800ddfc        0x4 C:/ST/STM32CubeIDE_1.18.1/STM32CubeIDE/plugins/com.st.stm32cube.ide.mcu.externaltools.gnu-tools-for-stm32.13.3.rel1.win32_1.0.0.202411081344/tools/bin/../lib/gcc/arm-none-eabi/13.3.1/../../../../arm-none-eabi/lib/thumb/v7e-m+fp/hard\libc_nano.a(libc_a-signalr.o)
                0x0800ddfc                _getpid_r
 .text.__swhatbuf_r
                0x0800de00       0x4c C:/ST/STM32CubeIDE_1.18.1/STM32CubeIDE/plugins/com.st.stm32cube.ide.mcu.externaltools.gnu-tools-for-stm32.13.3.rel1.win32_1.0.0.202411081344/tools/bin/../lib/gcc/arm-none-eabi/13.3.1/../../../../arm-none-eabi/lib/thumb/v7e-m+fp/hard\libc_nano.a(libc_a-makebuf.o)
                0x0800de00                __swhatbuf_r
 .text.__smakebuf_r
                0x0800de4c       0x78 C:/ST/STM32CubeIDE_1.18.1/STM32CubeIDE/plugins/com.st.stm32cube.ide.mcu.externaltools.gnu-tools-for-stm32.13.3.rel1.win32_1.0.0.202411081344/tools/bin/../lib/gcc/arm-none-eabi/13.3.1/../../../../arm-none-eabi/lib/thumb/v7e-m+fp/hard\libc_nano.a(libc_a-makebuf.o)
                0x0800de4c                __smakebuf_r
 .text._fstat_r
                0x0800dec4       0x24 C:/ST/STM32CubeIDE_1.18.1/STM32CubeIDE/plugins/com.st.stm32cube.ide.mcu.externaltools.gnu-tools-for-stm32.13.3.rel1.win32_1.0.0.202411081344/tools/bin/../lib/gcc/arm-none-eabi/13.3.1/../../../../arm-none-eabi/lib/thumb/v7e-m+fp/hard\libc_nano.a(libc_a-fstatr.o)
                0x0800dec4                _fstat_r
 .text._isatty_r
                0x0800dee8       0x20 C:/ST/STM32CubeIDE_1.18.1/STM32CubeIDE/plugins/com.st.stm32cube.ide.mcu.externaltools.gnu-tools-for-stm32.13.3.rel1.win32_1.0.0.202411081344/tools/bin/../lib/gcc/arm-none-eabi/13.3.1/../../../../arm-none-eabi/lib/thumb/v7e-m+fp/hard\libc_nano.a(libc_a-isattyr.o)
                0x0800dee8                _isatty_r
 *(.glue_7)
 .glue_7        0x0800df08        0x0 linker stubs
 *(.glue_7t)
 .glue_7t       0x0800df08        0x0 linker stubs
 *(.eh_frame)
 .eh_frame      0x0800df08        0x0 C:/ST/STM32CubeIDE_1.18.1/STM32CubeIDE/plugins/com.st.stm32cube.ide.mcu.externaltools.gnu-tools-for-stm32.13.3.rel1.win32_1.0.0.202411081344/tools/bin/../lib/gcc/arm-none-eabi/13.3.1/thumb/v7e-m+fp/hard/crtbegin.o
 *(.init)
 .init          0x0800df08        0x4 C:/ST/STM32CubeIDE_1.18.1/STM32CubeIDE/plugins/com.st.stm32cube.ide.mcu.externaltools.gnu-tools-for-stm32.13.3.rel1.win32_1.0.0.202411081344/tools/bin/../lib/gcc/arm-none-eabi/13.3.1/thumb/v7e-m+fp/hard/crti.o
                0x0800df08                _init
 .init          0x0800df0c        0x8 C:/ST/STM32CubeIDE_1.18.1/STM32CubeIDE/plugins/com.st.stm32cube.ide.mcu.externaltools.gnu-tools-for-stm32.13.3.rel1.win32_1.0.0.202411081344/tools/bin/../lib/gcc/arm-none-eabi/13.3.1/thumb/v7e-m+fp/hard/crtn.o
 *(.fini)
 .fini          0x0800df14        0x4 C:/ST/STM32CubeIDE_1.18.1/STM32CubeIDE/plugins/com.st.stm32cube.ide.mcu.externaltools.gnu-tools-for-stm32.13.3.rel1.win32_1.0.0.202411081344/tools/bin/../lib/gcc/arm-none-eabi/13.3.1/thumb/v7e-m+fp/hard/crti.o
                0x0800df14                _fini
 .fini          0x0800df18        0x8 C:/ST/STM32CubeIDE_1.18.1/STM32CubeIDE/plugins/com.st.stm32cube.ide.mcu.externaltools.gnu-tools-for-stm32.13.3.rel1.win32_1.0.0.202411081344/tools/bin/../lib/gcc/arm-none-eabi/13.3.1/thumb/v7e-m+fp/hard/crtn.o
                0x0800df20                        . = ALIGN (0x4)
                0x0800df20                        _etext = .

.vfp11_veneer   0x0800df20        0x0
 .vfp11_veneer  0x0800df20        0x0 linker stubs

.v4_bx          0x0800df20        0x0
 .v4_bx         0x0800df20        0x0 linker stubs

.iplt           0x0800df20        0x0
 .iplt          0x0800df20        0x0 C:/ST/STM32CubeIDE_1.18.1/STM32CubeIDE/plugins/com.st.stm32cube.ide.mcu.externaltools.gnu-tools-for-stm32.13.3.rel1.win32_1.0.0.202411081344/tools/bin/../lib/gcc/arm-none-eabi/13.3.1/thumb/v7e-m+fp/hard/crtbegin.o

.rodata         0x0800df20     0x205c
                0x0800df20                        . = ALIGN (0x4)
 *(.rodata)
 .rodata        0x0800df20       0xdb ./Core/Src/main.o
 *fill*         0x0800dffb        0x1 
 .rodata        0x0800dffc       0x44 ./Middlewares/Third_Party/FatFs/src/ff.o
 *(.rodata*)
 .rodata.init_cmds1
                0x0800e040       0x38 ./Core/Src/ST7735.o
                0x0800e040                init_cmds1
 .rodata.init_cmds2
                0x0800e078        0xd ./Core/Src/ST7735.o
                0x0800e078                init_cmds2
 *fill*         0x0800e085        0x3 
 .rodata.init_cmds3
                0x0800e088       0x2b ./Core/Src/ST7735.o
                0x0800e088                init_cmds3
 *fill*         0x0800e0b3        0x1 
 .rodata.Font7x10
                0x0800e0b4      0x76c ./Core/Src/fonts.o
 .rodata.Font16x26
                0x0800e820     0x134c ./Core/Src/fonts.o
 .rodata.AHBPrescTable
                0x0800fb6c       0x10 ./Core/Src/system_stm32f4xx.o
                0x0800fb6c                AHBPrescTable
 .rodata.APBPrescTable
                0x0800fb7c        0x8 ./Core/Src/system_stm32f4xx.o
                0x0800fb7c                APBPrescTable
 .rodata.ExCvt  0x0800fb84       0x80 ./Middlewares/Third_Party/FatFs/src/ff.o
 .rodata._printf_float.str1.1
                0x0800fc04      0x171 C:/ST/STM32CubeIDE_1.18.1/STM32CubeIDE/plugins/com.st.stm32cube.ide.mcu.externaltools.gnu-tools-for-stm32.13.3.rel1.win32_1.0.0.202411081344/tools/bin/../lib/gcc/arm-none-eabi/13.3.1/../../../../arm-none-eabi/lib/thumb/v7e-m+fp/hard\libc_nano.a(libc_a-nano-vfprintf_float.o)
                                 0x12 (size before relaxing)
 .rodata._printf_i.str1.1
                0x0800fd75       0x22 C:/ST/STM32CubeIDE_1.18.1/STM32CubeIDE/plugins/com.st.stm32cube.ide.mcu.externaltools.gnu-tools-for-stm32.13.3.rel1.win32_1.0.0.202411081344/tools/bin/../lib/gcc/arm-none-eabi/13.3.1/../../../../arm-none-eabi/lib/thumb/v7e-m+fp/hard\libc_nano.a(libc_a-nano-vfprintf_i.o)
 .rodata._dtoa_r.str1.1
                0x0800fd75       0x8f C:/ST/STM32CubeIDE_1.18.1/STM32CubeIDE/plugins/com.st.stm32cube.ide.mcu.externaltools.gnu-tools-for-stm32.13.3.rel1.win32_1.0.0.202411081344/tools/bin/../lib/gcc/arm-none-eabi/13.3.1/../../../../arm-none-eabi/lib/thumb/v7e-m+fp/hard\libc_nano.a(libc_a-dtoa.o)
 .rodata._Balloc.str1.1
                0x0800fd75       0x70 C:/ST/STM32CubeIDE_1.18.1/STM32CubeIDE/plugins/com.st.stm32cube.ide.mcu.externaltools.gnu-tools-for-stm32.13.3.rel1.win32_1.0.0.202411081344/tools/bin/../lib/gcc/arm-none-eabi/13.3.1/../../../../arm-none-eabi/lib/thumb/v7e-m+fp/hard\libc_nano.a(libc_a-mprec.o)
 .rodata.__multadd.str1.1
                0x0800fd75       0x11 C:/ST/STM32CubeIDE_1.18.1/STM32CubeIDE/plugins/com.st.stm32cube.ide.mcu.externaltools.gnu-tools-for-stm32.13.3.rel1.win32_1.0.0.202411081344/tools/bin/../lib/gcc/arm-none-eabi/13.3.1/../../../../arm-none-eabi/lib/thumb/v7e-m+fp/hard\libc_nano.a(libc_a-mprec.o)
 *fill*         0x0800fd75        0x3 
 .rodata.p05.0  0x0800fd78        0xc C:/ST/STM32CubeIDE_1.18.1/STM32CubeIDE/plugins/com.st.stm32cube.ide.mcu.externaltools.gnu-tools-for-stm32.13.3.rel1.win32_1.0.0.202411081344/tools/bin/../lib/gcc/arm-none-eabi/13.3.1/../../../../arm-none-eabi/lib/thumb/v7e-m+fp/hard\libc_nano.a(libc_a-mprec.o)
 *fill*         0x0800fd84        0x4 
 .rodata.__mprec_bigtens
                0x0800fd88       0x28 C:/ST/STM32CubeIDE_1.18.1/STM32CubeIDE/plugins/com.st.stm32cube.ide.mcu.externaltools.gnu-tools-for-stm32.13.3.rel1.win32_1.0.0.202411081344/tools/bin/../lib/gcc/arm-none-eabi/13.3.1/../../../../arm-none-eabi/lib/thumb/v7e-m+fp/hard\libc_nano.a(libc_a-mprec.o)
                0x0800fd88                __mprec_bigtens
 .rodata.__mprec_tens
                0x0800fdb0       0xc8 C:/ST/STM32CubeIDE_1.18.1/STM32CubeIDE/plugins/com.st.stm32cube.ide.mcu.externaltools.gnu-tools-for-stm32.13.3.rel1.win32_1.0.0.202411081344/tools/bin/../lib/gcc/arm-none-eabi/13.3.1/../../../../arm-none-eabi/lib/thumb/v7e-m+fp/hard\libc_nano.a(libc_a-mprec.o)
                0x0800fdb0                __mprec_tens
 .rodata._svfprintf_r.str1.1
                0x0800fe78       0x11 C:/ST/STM32CubeIDE_1.18.1/STM32CubeIDE/plugins/com.st.stm32cube.ide.mcu.externaltools.gnu-tools-for-stm32.13.3.rel1.win32_1.0.0.202411081344/tools/bin/../lib/gcc/arm-none-eabi/13.3.1/../../../../arm-none-eabi/lib/thumb/v7e-m+fp/hard\libc_nano.a(libc_a-nano-svfprintf.o)
 .rodata._setlocale_r.str1.1
                0x0800fe78        0x9 C:/ST/STM32CubeIDE_1.18.1/STM32CubeIDE/plugins/com.st.stm32cube.ide.mcu.externaltools.gnu-tools-for-stm32.13.3.rel1.win32_1.0.0.202411081344/tools/bin/../lib/gcc/arm-none-eabi/13.3.1/../../../../arm-none-eabi/lib/thumb/v7e-m+fp/hard\libc_nano.a(libc_a-locale.o)
 .rodata.str1.1
                0x0800fe78        0x2 C:/ST/STM32CubeIDE_1.18.1/STM32CubeIDE/plugins/com.st.stm32cube.ide.mcu.externaltools.gnu-tools-for-stm32.13.3.rel1.win32_1.0.0.202411081344/tools/bin/../lib/gcc/arm-none-eabi/13.3.1/../../../../arm-none-eabi/lib/thumb/v7e-m+fp/hard\libc_nano.a(libc_a-locale.o)
 .rodata.__assert_func.str1.1
                0x0800fe78       0x3d C:/ST/STM32CubeIDE_1.18.1/STM32CubeIDE/plugins/com.st.stm32cube.ide.mcu.externaltools.gnu-tools-for-stm32.13.3.rel1.win32_1.0.0.202411081344/tools/bin/../lib/gcc/arm-none-eabi/13.3.1/../../../../arm-none-eabi/lib/thumb/v7e-m+fp/hard\libc_nano.a(libc_a-assert.o)
 .rodata._ctype_
                0x0800fe78      0x101 C:/ST/STM32CubeIDE_1.18.1/STM32CubeIDE/plugins/com.st.stm32cube.ide.mcu.externaltools.gnu-tools-for-stm32.13.3.rel1.win32_1.0.0.202411081344/tools/bin/../lib/gcc/arm-none-eabi/13.3.1/../../../../arm-none-eabi/lib/thumb/v7e-m+fp/hard\libc_nano.a(libc_a-ctype_.o)
                0x0800fe78                _ctype_
 .rodata._vfprintf_r.str1.1
                0x0800ff79       0x11 C:/ST/STM32CubeIDE_1.18.1/STM32CubeIDE/plugins/com.st.stm32cube.ide.mcu.externaltools.gnu-tools-for-stm32.13.3.rel1.win32_1.0.0.202411081344/tools/bin/../lib/gcc/arm-none-eabi/13.3.1/../../../../arm-none-eabi/lib/thumb/v7e-m+fp/hard\libc_nano.a(libc_a-nano-vfprintf.o)
                0x0800ff8c                        . = ALIGN (0x4)
 *fill*         0x0800ff79        0x3 

.ARM.extab      0x0800ff7c        0x0
                0x0800ff7c                        . = ALIGN (0x4)
 *(.ARM.extab* .gnu.linkonce.armextab.*)
                0x0800ff7c                        . = ALIGN (0x4)

.ARM            0x0800ff7c        0x8
                0x0800ff7c                        . = ALIGN (0x4)
                0x0800ff7c                        __exidx_start = .
 *(.ARM.exidx*)
 .ARM.exidx     0x0800ff7c        0x8 C:/ST/STM32CubeIDE_1.18.1/STM32CubeIDE/plugins/com.st.stm32cube.ide.mcu.externaltools.gnu-tools-for-stm32.13.3.rel1.win32_1.0.0.202411081344/tools/bin/../lib/gcc/arm-none-eabi/13.3.1/../../../../arm-none-eabi/lib/thumb/v7e-m+fp/hard\libc_nano.a(libc_a-memchr.o)
 .ARM.exidx     0x0800ff84        0x0 C:/ST/STM32CubeIDE_1.18.1/STM32CubeIDE/plugins/com.st.stm32cube.ide.mcu.externaltools.gnu-tools-for-stm32.13.3.rel1.win32_1.0.0.202411081344/tools/bin/../lib/gcc/arm-none-eabi/13.3.1/../../../../arm-none-eabi/lib/thumb/v7e-m+fp/hard\libc_nano.a(libc_a-strlen.o)
                                  0x8 (size before relaxing)
 .ARM.exidx     0x0800ff84        0x0 C:/ST/STM32CubeIDE_1.18.1/STM32CubeIDE/plugins/com.st.stm32cube.ide.mcu.externaltools.gnu-tools-for-stm32.13.3.rel1.win32_1.0.0.202411081344/tools/bin/../lib/gcc/arm-none-eabi/13.3.1/thumb/v7e-m+fp/hard\libgcc.a(_udivmoddi4.o)
                                  0x8 (size before relaxing)
                0x0800ff84                        __exidx_end = .
                0x0800ff84                        . = ALIGN (0x4)

.preinit_array  0x0800ff84        0x0
                0x0800ff84                        . = ALIGN (0x4)
                0x0800ff84                        PROVIDE (__preinit_array_start = .)
 *(.preinit_array*)
                0x0800ff84                        PROVIDE (__preinit_array_end = .)
                0x0800ff84                        . = ALIGN (0x4)

.init_array     0x0800ff84        0x4
                0x0800ff84                        . = ALIGN (0x4)
                0x0800ff84                        PROVIDE (__init_array_start = .)
 *(SORT_BY_NAME(.init_array.*))
 *(.init_array*)
 .init_array    0x0800ff84        0x4 C:/ST/STM32CubeIDE_1.18.1/STM32CubeIDE/plugins/com.st.stm32cube.ide.mcu.externaltools.gnu-tools-for-stm32.13.3.rel1.win32_1.0.0.202411081344/tools/bin/../lib/gcc/arm-none-eabi/13.3.1/thumb/v7e-m+fp/hard/crtbegin.o
                0x0800ff88                        PROVIDE (__init_array_end = .)
                0x0800ff88                        . = ALIGN (0x4)

.fini_array     0x0800ff88        0x4
                0x0800ff88                        . = ALIGN (0x4)
                [!provide]                        PROVIDE (__fini_array_start = .)
 *(SORT_BY_NAME(.fini_array.*))
 *(.fini_array*)
 .fini_array    0x0800ff88        0x4 C:/ST/STM32CubeIDE_1.18.1/STM32CubeIDE/plugins/com.st.stm32cube.ide.mcu.externaltools.gnu-tools-for-stm32.13.3.rel1.win32_1.0.0.202411081344/tools/bin/../lib/gcc/arm-none-eabi/13.3.1/thumb/v7e-m+fp/hard/crtbegin.o
                [!provide]                        PROVIDE (__fini_array_end = .)
                0x0800ff8c                        . = ALIGN (0x4)
                0x0800ff8c                        _sidata = LOADADDR (.data)

.rel.dyn        0x0800ff8c        0x0
 .rel.iplt      0x0800ff8c        0x0 C:/ST/STM32CubeIDE_1.18.1/STM32CubeIDE/plugins/com.st.stm32cube.ide.mcu.externaltools.gnu-tools-for-stm32.13.3.rel1.win32_1.0.0.202411081344/tools/bin/../lib/gcc/arm-none-eabi/13.3.1/thumb/v7e-m+fp/hard/crtbegin.o

.data           0x20000000      0x200 load address 0x0800ff8c
                0x20000000                        . = ALIGN (0x4)
                0x20000000                        _sdata = .
 *(.data)
 *(.data*)
 .data.bh1750_address
                0x20000000        0x1 ./Core/Src/bh1750.o
 *fill*         0x20000001        0x3 
 .data.Font_7x10
                0x20000004        0x8 ./Core/Src/fonts.o
                0x20000004                Font_7x10
 .data.Font_16x26
                0x2000000c        0x8 ./Core/Src/fonts.o
                0x2000000c                Font_16x26
 .data.bme280_addr
                0x20000014        0x1 ./Core/Src/main.o
                0x20000014                bme280_addr
 *fill*         0x20000015        0x3 
 .data.SystemCoreClock
                0x20000018        0x4 ./Core/Src/system_stm32f4xx.o
                0x20000018                SystemCoreClock
 .data.uwTickPrio
                0x2000001c        0x4 ./Drivers/STM32F4xx_HAL_Driver/Src/stm32f4xx_hal.o
                0x2000001c                uwTickPrio
 .data.uwTickFreq
                0x20000020        0x1 ./Drivers/STM32F4xx_HAL_Driver/Src/stm32f4xx_hal.o
                0x20000020                uwTickFreq
 .data.Stat     0x20000021        0x1 ./FATFS/Target/user_diskio.o
 *fill*         0x20000022        0x2 
 .data.USER_Driver
                0x20000024       0x14 ./FATFS/Target/user_diskio.o
                0x20000024                USER_Driver
 .data.__sglue  0x20000038        0xc C:/ST/STM32CubeIDE_1.18.1/STM32CubeIDE/plugins/com.st.stm32cube.ide.mcu.externaltools.gnu-tools-for-stm32.13.3.rel1.win32_1.0.0.202411081344/tools/bin/../lib/gcc/arm-none-eabi/13.3.1/../../../../arm-none-eabi/lib/thumb/v7e-m+fp/hard\libc_nano.a(libc_a-findfp.o)
                0x20000038                __sglue
 .data._impure_ptr
                0x20000044        0x4 C:/ST/STM32CubeIDE_1.18.1/STM32CubeIDE/plugins/com.st.stm32cube.ide.mcu.externaltools.gnu-tools-for-stm32.13.3.rel1.win32_1.0.0.202411081344/tools/bin/../lib/gcc/arm-none-eabi/13.3.1/../../../../arm-none-eabi/lib/thumb/v7e-m+fp/hard\libc_nano.a(libc_a-impure.o)
                0x20000044                _impure_ptr
 .data._impure_data
                0x20000048       0x4c C:/ST/STM32CubeIDE_1.18.1/STM32CubeIDE/plugins/com.st.stm32cube.ide.mcu.externaltools.gnu-tools-for-stm32.13.3.rel1.win32_1.0.0.202411081344/tools/bin/../lib/gcc/arm-none-eabi/13.3.1/../../../../arm-none-eabi/lib/thumb/v7e-m+fp/hard\libc_nano.a(libc_a-impure.o)
                0x20000048                _impure_data
 .data.__global_locale
                0x20000094      0x16c C:/ST/STM32CubeIDE_1.18.1/STM32CubeIDE/plugins/com.st.stm32cube.ide.mcu.externaltools.gnu-tools-for-stm32.13.3.rel1.win32_1.0.0.202411081344/tools/bin/../lib/gcc/arm-none-eabi/13.3.1/../../../../arm-none-eabi/lib/thumb/v7e-m+fp/hard\libc_nano.a(libc_a-locale.o)
                0x20000094                __global_locale
 *(.RamFunc)
 *(.RamFunc*)
                0x20000200                        . = ALIGN (0x4)
                0x20000200                        _edata = .

.igot.plt       0x20000200        0x0 load address 0x0801018c
 .igot.plt      0x20000200        0x0 C:/ST/STM32CubeIDE_1.18.1/STM32CubeIDE/plugins/com.st.stm32cube.ide.mcu.externaltools.gnu-tools-for-stm32.13.3.rel1.win32_1.0.0.202411081344/tools/bin/../lib/gcc/arm-none-eabi/13.3.1/thumb/v7e-m+fp/hard/crtbegin.o
                0x20000200                        . = ALIGN (0x4)

.bss            0x20000200      0x89c load address 0x0801018c
                0x20000200                        _sbss = .
                0x20000200                        __bss_start__ = _sbss
 *(.bss)
 .bss           0x20000200       0x1c C:/ST/STM32CubeIDE_1.18.1/STM32CubeIDE/plugins/com.st.stm32cube.ide.mcu.externaltools.gnu-tools-for-stm32.13.3.rel1.win32_1.0.0.202411081344/tools/bin/../lib/gcc/arm-none-eabi/13.3.1/thumb/v7e-m+fp/hard/crtbegin.o
 *(.bss*)
 .bss._width    0x2000021c        0x2 ./Core/Src/ST7735.o
                0x2000021c                _width
 .bss._height   0x2000021e        0x2 ./Core/Src/ST7735.o
                0x2000021e                _height
 .bss.rotation  0x20000220        0x1 ./Core/Src/ST7735.o
                0x20000220                rotation
 .bss._colstart
                0x20000221        0x1 ./Core/Src/ST7735.o
                0x20000221                _colstart
 .bss._rowstart
                0x20000222        0x1 ./Core/Src/ST7735.o
                0x20000222                _rowstart
 .bss._xstart   0x20000223        0x1 ./Core/Src/ST7735.o
                0x20000223                _xstart
 .bss._ystart   0x20000224        0x1 ./Core/Src/ST7735.o
                0x20000224                _ystart
 *fill*         0x20000225        0x3 
 .bss.bh1750_i2c
                0x20000228        0x4 ./Core/Src/bh1750.o
 .bss.bh1750_mode
                0x2000022c        0x1 ./Core/Src/bh1750.o
 *fill*         0x2000022d        0x3 
 .bss.hi2c1     0x20000230       0x54 ./Core/Src/main.o
                0x20000230                hi2c1
 .bss.hi2c2     0x20000284       0x54 ./Core/Src/main.o
                0x20000284                hi2c2
 .bss.hrtc      0x200002d8       0x20 ./Core/Src/main.o
                0x200002d8                hrtc
 .bss.hspi1     0x200002f8       0x58 ./Core/Src/main.o
                0x200002f8                hspi1
 .bss.htim1     0x20000350       0x48 ./Core/Src/main.o
                0x20000350                htim1
 .bss.huart2    0x20000398       0x48 ./Core/Src/main.o
                0x20000398                huart2
 .bss.getdata   0x200003e0        0x1 ./Core/Src/main.o
                0x200003e0                getdata
 *fill*         0x200003e1        0x3 
 .bss.sTime     0x200003e4       0x14 ./Core/Src/main.o
                0x200003e4                sTime
 .bss.sDate     0x200003f8        0x4 ./Core/Src/main.o
                0x200003f8                sDate
 .bss.timeBuf   0x200003fc       0x10 ./Core/Src/main.o
                0x200003fc                timeBuf
 .bss.dateBuf   0x2000040c       0x10 ./Core/Src/main.o
                0x2000040c                dateBuf
 .bss.bme       0x2000041c       0x40 ./Core/Src/main.o
                0x2000041c                bme
 *fill*         0x2000045c        0x4 
 .bss.sensor_data
                0x20000460       0x18 ./Core/Src/main.o
                0x20000460                sensor_data
 .bss.debugBuf  0x20000478       0x20 ./Core/Src/main.o
                0x20000478                debugBuf
 .bss.setting_state
                0x20000498        0x1 ./Core/Src/main.o
                0x20000498                setting_state
 *fill*         0x20000499        0x3 
 .bss.last_button1_press
                0x2000049c        0x4 ./Core/Src/main.o
                0x2000049c                last_button1_press
 .bss.last_button2_press
                0x200004a0        0x4 ./Core/Src/main.o
                0x200004a0                last_button2_press
 .bss.fs        0x200004a4      0x230 ./Core/Src/main.o
                0x200004a4                fs
 .bss.file      0x200006d4      0x230 ./Core/Src/main.o
                0x200006d4                file
 .bss.fres      0x20000904        0x1 ./Core/Src/main.o
                0x20000904                fres
 *fill*         0x20000905        0x3 
 .bss.bytesWritten
                0x20000908        0x4 ./Core/Src/main.o
                0x20000908                bytesWritten
 .bss.__sbrk_heap_end
                0x2000090c        0x4 ./Core/Src/sysmem.o
 .bss.uwTick    0x20000910        0x4 ./Drivers/STM32F4xx_HAL_Driver/Src/stm32f4xx_hal.o
                0x20000910                uwTick
 .bss.retUSER   0x20000914        0x1 ./FATFS/App/fatfs.o
                0x20000914                retUSER
 *fill*         0x20000915        0x3 
 .bss.USERPath  0x20000918        0x4 ./FATFS/App/fatfs.o