22:36:10 **** Incremental Build of configuration Debug for project pmik_2 ****
make -j4 all 
arm-none-eabi-gcc "../Core/Src/main.c" -mcpu=cortex-m4 -std=gnu11 -g3 -DDEBUG -DUSE_HAL_DRIVER -DSTM32F401xC -c -I../Core/Inc -I../Drivers/STM32F4xx_HAL_Driver/Inc -I../Drivers/STM32F4xx_HAL_Driver/Inc/Legacy -I../Drivers/CMSIS/Device/ST/STM32F4xx/Include -I../Drivers/CMSIS/Include -I../FATFS/Target -I../FATFS/App -I../Middlewares/Third_Party/FatFs/src -O0 -ffunction-sections -fdata-sections -Wall -fstack-usage -fcyclomatic-complexity -MMD -MP -MF"Core/Src/main.d" -MT"Core/Src/main.o" --specs=nano.specs -mfpu=fpv4-sp-d16 -mfloat-abi=hard -mthumb -o "Core/Src/main.o"
arm-none-eabi-gcc -o "pmik_2.elf" @"objects.list"   -mcpu=cortex-m4 -T"C:\Users\glekb\Desktop\pmik_c\pmik_2_przyciski2\src\pmik_2\STM32F401CCUX_FLASH.ld" --specs=nosys.specs -Wl,-Map="pmik_2.map" -Wl,--gc-sections -static -u _printf_float --specs=nano.specs -mfpu=fpv4-sp-d16 -mfloat-abi=hard -mthumb -Wl,--start-group -lc -lm -Wl,--end-group
Finished building target: pmik_2.elf
 
arm-none-eabi-size  pmik_2.elf 
arm-none-eabi-objdump -h -S pmik_2.elf  > "pmik_2.list"
   text	   data	    bss	    dec	    hex	filename
  65408	    512	   3744	  69664	  11020	pmik_2.elf
Finished building: default.size.stdout
 
Finished building: pmik_2.list
 
